Archive member included to satisfy reference by file (symbol)

.\CortexM3\ARM_GCC_541\Debug\Design01.a(Lcd_Juego.o)
                              .\CortexM3\ARM_GCC_541\Debug\main.o (Lcd_Juego_PrintString)
.\CortexM3\ARM_GCC_541\Debug\Design01.a(CyLib.o)
                              .\CortexM3\ARM_GCC_541\Debug\Cm3Start.o (CyHalt)
.\CortexM3\ARM_GCC_541\Debug\Design01.a(cyPm.o)
                              .\CortexM3\ARM_GCC_541\Debug\Design01.a(CyLib.o) (CyPmReadStatus)
.\CortexM3\ARM_GCC_541\Debug\Design01.a(isr_Blancas.o)
                              .\CortexM3\ARM_GCC_541\Debug\main.o (isr_Blancas_StartEx)
.\CortexM3\ARM_GCC_541\Debug\Design01.a(isr_Negras.o)
                              .\CortexM3\ARM_GCC_541\Debug\main.o (isr_Negras_StartEx)
.\CortexM3\ARM_GCC_541\Debug\Design01.a(Timer_1.o)
                              .\CortexM3\ARM_GCC_541\Debug\main.o (Timer_1_Start)
.\CortexM3\ARM_GCC_541\Debug\Design01.a(isr_Timer.o)
                              .\CortexM3\ARM_GCC_541\Debug\main.o (isr_Timer_StartEx)
.\CortexM3\ARM_GCC_541\Debug\Design01.a(C_Blancas.o)
                              .\CortexM3\ARM_GCC_541\Debug\main.o (C_Blancas_Read)
.\CortexM3\ARM_GCC_541\Debug\Design01.a(C_Negras.o)
                              .\CortexM3\ARM_GCC_541\Debug\main.o (C_Negras_Read)
.\CortexM3\ARM_GCC_541\Debug\Design01.a(Tiempos.o)
                              .\CortexM3\ARM_GCC_541\Debug\main.o (Tiempos_Read)
.\CortexM3\ARM_GCC_541\Debug\Design01.a(Aceptar.o)
                              .\CortexM3\ARM_GCC_541\Debug\main.o (Aceptar_Read)
.\CortexM3\ARM_GCC_541\Debug\Design01.a(isr_Tiempos.o)
                              .\CortexM3\ARM_GCC_541\Debug\main.o (isr_Tiempos_StartEx)
.\CortexM3\ARM_GCC_541\Debug\Design01.a(isr_Aceptar.o)
                              .\CortexM3\ARM_GCC_541\Debug\main.o (isr_Aceptar_StartEx)
.\CortexM3\ARM_GCC_541\Debug\Design01.a(Pin_1.o)
                              .\CortexM3\ARM_GCC_541\Debug\main.o (Pin_1_Write)
.\CortexM3\ARM_GCC_541\Debug\Design01.a(CyBootAsmGnu.o)
                              .\CortexM3\ARM_GCC_541\Debug\cyfitter_cfg.o (CyDelayCycles)
.\CortexM3\ARM_GCC_541\Debug\Design01.a(CyFlash.o)
                              .\CortexM3\ARM_GCC_541\Debug\Design01.a(cyPm.o) (CyFlash_SetWaitCycles)
.\CortexM3\ARM_GCC_541\Debug\Design01.a(CySpc.o)
                              .\CortexM3\ARM_GCC_541\Debug\Design01.a(CyFlash.o) (CySpcStart)
c:/program files (x86)/cypress/psoc creator/4.2/psoc creator/import/gnu/arm/5.4.1/bin/../lib/gcc/arm-none-eabi/5.4.1/../../../../arm-none-eabi/lib/armv7-m\libg_nano.a(lib_a-errno.o)
                              .\CortexM3\ARM_GCC_541\Debug\Cm3Start.o (__errno)
c:/program files (x86)/cypress/psoc creator/4.2/psoc creator/import/gnu/arm/5.4.1/bin/../lib/gcc/arm-none-eabi/5.4.1/../../../../arm-none-eabi/lib/armv7-m\libg_nano.a(lib_a-exit.o)
                              c:/program files (x86)/cypress/psoc creator/4.2/psoc creator/import/gnu/arm/5.4.1/bin/../lib/gcc/arm-none-eabi/5.4.1/../../../../arm-none-eabi/lib/armv7-m/crt0.o (exit)
c:/program files (x86)/cypress/psoc creator/4.2/psoc creator/import/gnu/arm/5.4.1/bin/../lib/gcc/arm-none-eabi/5.4.1/../../../../arm-none-eabi/lib/armv7-m\libg_nano.a(lib_a-impure.o)
                              c:/program files (x86)/cypress/psoc creator/4.2/psoc creator/import/gnu/arm/5.4.1/bin/../lib/gcc/arm-none-eabi/5.4.1/../../../../arm-none-eabi/lib/armv7-m\libg_nano.a(lib_a-exit.o) (_global_impure_ptr)
c:/program files (x86)/cypress/psoc creator/4.2/psoc creator/import/gnu/arm/5.4.1/bin/../lib/gcc/arm-none-eabi/5.4.1/../../../../arm-none-eabi/lib/armv7-m\libg_nano.a(lib_a-init.o)
                              c:/program files (x86)/cypress/psoc creator/4.2/psoc creator/import/gnu/arm/5.4.1/bin/../lib/gcc/arm-none-eabi/5.4.1/../../../../arm-none-eabi/lib/armv7-m/crt0.o (__libc_init_array)
c:/program files (x86)/cypress/psoc creator/4.2/psoc creator/import/gnu/arm/5.4.1/bin/../lib/gcc/arm-none-eabi/5.4.1/../../../../arm-none-eabi/lib/armv7-m\libg_nano.a(lib_a-memcpy-stub.o)
                              .\CortexM3\ARM_GCC_541\Debug\cyfitter_cfg.o (memcpy)
c:/program files (x86)/cypress/psoc creator/4.2/psoc creator/import/gnu/arm/5.4.1/bin/../lib/gcc/arm-none-eabi/5.4.1/../../../../arm-none-eabi/lib/armv7-m\libg_nano.a(lib_a-memset.o)
                              c:/program files (x86)/cypress/psoc creator/4.2/psoc creator/import/gnu/arm/5.4.1/bin/../lib/gcc/arm-none-eabi/5.4.1/../../../../arm-none-eabi/lib/armv7-m/crt0.o (memset)
c:/program files (x86)/cypress/psoc creator/4.2/psoc creator/import/gnu/arm/5.4.1/bin/../lib/gcc/arm-none-eabi/5.4.1/../../../../arm-none-eabi/lib/armv7-m\libg_nano.a(lib_a-strcpy.o)
                              .\CortexM3\ARM_GCC_541\Debug\main.o (strcpy)

Allocating common symbols
Common symbol       size              file

Minutos_N           0x2               .\CortexM3\ARM_GCC_541\Debug\main.o
data_s              0x1               .\CortexM3\ARM_GCC_541\Debug\main.o
Sref_N              0x2               .\CortexM3\ARM_GCC_541\Debug\main.o
datay               0x1               .\CortexM3\ARM_GCC_541\Debug\main.o
Mref_N              0x2               .\CortexM3\ARM_GCC_541\Debug\main.o
Concat1             0x1               .\CortexM3\ARM_GCC_541\Debug\main.o
segmento_7          0x1               .\CortexM3\ARM_GCC_541\Debug\main.o
Segundos_B          0x2               .\CortexM3\ARM_GCC_541\Debug\main.o
Concat5             0x5               .\CortexM3\ARM_GCC_541\Debug\main.o
dieTemperature      0x2               .\CortexM3\ARM_GCC_541\Debug\Design01.a(CyFlash.o)
enter               0x1               .\CortexM3\ARM_GCC_541\Debug\main.o

Discarded input sections

 .text          0x00000000        0x0 c:/program files (x86)/cypress/psoc creator/4.2/psoc creator/import/gnu/arm/5.4.1/bin/../lib/gcc/arm-none-eabi/5.4.1/armv7-m/crti.o
 .data          0x00000000        0x0 c:/program files (x86)/cypress/psoc creator/4.2/psoc creator/import/gnu/arm/5.4.1/bin/../lib/gcc/arm-none-eabi/5.4.1/armv7-m/crti.o
 .bss           0x00000000        0x0 c:/program files (x86)/cypress/psoc creator/4.2/psoc creator/import/gnu/arm/5.4.1/bin/../lib/gcc/arm-none-eabi/5.4.1/armv7-m/crti.o
 .data          0x00000000        0x4 c:/program files (x86)/cypress/psoc creator/4.2/psoc creator/import/gnu/arm/5.4.1/bin/../lib/gcc/arm-none-eabi/5.4.1/armv7-m/crtbegin.o
 .text          0x00000000       0x74 c:/program files (x86)/cypress/psoc creator/4.2/psoc creator/import/gnu/arm/5.4.1/bin/../lib/gcc/arm-none-eabi/5.4.1/../../../../arm-none-eabi/lib/armv7-m/crt0.o
 .data          0x00000000        0x0 c:/program files (x86)/cypress/psoc creator/4.2/psoc creator/import/gnu/arm/5.4.1/bin/../lib/gcc/arm-none-eabi/5.4.1/../../../../arm-none-eabi/lib/armv7-m/crt0.o
 .bss           0x00000000        0x0 c:/program files (x86)/cypress/psoc creator/4.2/psoc creator/import/gnu/arm/5.4.1/bin/../lib/gcc/arm-none-eabi/5.4.1/../../../../arm-none-eabi/lib/armv7-m/crt0.o
 .ARM.extab     0x00000000        0x0 c:/program files (x86)/cypress/psoc creator/4.2/psoc creator/import/gnu/arm/5.4.1/bin/../lib/gcc/arm-none-eabi/5.4.1/../../../../arm-none-eabi/lib/armv7-m/crt0.o
 .ARM.exidx     0x00000000        0x8 c:/program files (x86)/cypress/psoc creator/4.2/psoc creator/import/gnu/arm/5.4.1/bin/../lib/gcc/arm-none-eabi/5.4.1/../../../../arm-none-eabi/lib/armv7-m/crt0.o
 .text          0x00000000        0x0 .\CortexM3\ARM_GCC_541\Debug\main.o
 .data          0x00000000        0x1 .\CortexM3\ARM_GCC_541\Debug\main.o
 .text          0x00000000        0x0 .\CortexM3\ARM_GCC_541\Debug\cyfitter_cfg.o
 .data          0x00000000        0x0 .\CortexM3\ARM_GCC_541\Debug\cyfitter_cfg.o
 .bss           0x00000000        0x0 .\CortexM3\ARM_GCC_541\Debug\cyfitter_cfg.o
 .text.SetAnalogRoutingPumps
                0x00000000       0x10 .\CortexM3\ARM_GCC_541\Debug\cyfitter_cfg.o
 .text          0x00000000        0x0 .\CortexM3\ARM_GCC_541\Debug\cymetadata.o
 .data          0x00000000        0x0 .\CortexM3\ARM_GCC_541\Debug\cymetadata.o
 .bss           0x00000000        0x0 .\CortexM3\ARM_GCC_541\Debug\cymetadata.o
 .text          0x00000000        0x0 .\CortexM3\ARM_GCC_541\Debug\Cm3Start.o
 .data          0x00000000        0x4 .\CortexM3\ARM_GCC_541\Debug\Cm3Start.o
 .bss           0x00000000        0x0 .\CortexM3\ARM_GCC_541\Debug\Cm3Start.o
 .text._exit    0x00000000        0xc .\CortexM3\ARM_GCC_541\Debug\Cm3Start.o
 .text._sbrk    0x00000000       0x30 .\CortexM3\ARM_GCC_541\Debug\Cm3Start.o
 .text          0x00000000        0x0 .\CortexM3\ARM_GCC_541\Debug\Design01.a(Lcd_Juego.o)
 .data          0x00000000        0x0 .\CortexM3\ARM_GCC_541\Debug\Design01.a(Lcd_Juego.o)
 .text.Lcd_Juego_PutChar
                0x00000000        0x8 .\CortexM3\ARM_GCC_541\Debug\Design01.a(Lcd_Juego.o)
 .text.Lcd_Juego_Stop
                0x00000000       0x14 .\CortexM3\ARM_GCC_541\Debug\Design01.a(Lcd_Juego.o)
 .text.Lcd_Juego_PrintInt8
                0x00000000       0x20 .\CortexM3\ARM_GCC_541\Debug\Design01.a(Lcd_Juego.o)
 .text.Lcd_Juego_PrintInt16
                0x00000000       0x14 .\CortexM3\ARM_GCC_541\Debug\Design01.a(Lcd_Juego.o)
 .text.Lcd_Juego_PrintInt32
                0x00000000       0x1c .\CortexM3\ARM_GCC_541\Debug\Design01.a(Lcd_Juego.o)
 .text.Lcd_Juego_PrintU32Number
                0x00000000       0x64 .\CortexM3\ARM_GCC_541\Debug\Design01.a(Lcd_Juego.o)
 .rodata        0x00000000       0x10 .\CortexM3\ARM_GCC_541\Debug\Design01.a(Lcd_Juego.o)
 .text          0x00000000        0x0 .\CortexM3\ARM_GCC_541\Debug\Design01.a(CyLib.o)
 .bss           0x00000000       0x1c .\CortexM3\ARM_GCC_541\Debug\Design01.a(CyLib.o)
 .text.CyUSB_PowerOnCheck
                0x00000000       0x48 .\CortexM3\ARM_GCC_541\Debug\Design01.a(CyLib.o)
 .text.CyBusClk_Internal_SetDivider
                0x00000000       0x48 .\CortexM3\ARM_GCC_541\Debug\Design01.a(CyLib.o)
 .text.CyPLL_OUT_Stop
                0x00000000       0x10 .\CortexM3\ARM_GCC_541\Debug\Design01.a(CyLib.o)
 .text.CyIMO_Stop
                0x00000000       0x1c .\CortexM3\ARM_GCC_541\Debug\Design01.a(CyLib.o)
 .text.CyIMO_EnableDoubler
                0x00000000       0x10 .\CortexM3\ARM_GCC_541\Debug\Design01.a(CyLib.o)
 .text.CyIMO_DisableDoubler
                0x00000000       0x10 .\CortexM3\ARM_GCC_541\Debug\Design01.a(CyLib.o)
 .text.CyMasterClk_SetSource
                0x00000000       0x18 .\CortexM3\ARM_GCC_541\Debug\Design01.a(CyLib.o)
 .text.CyMasterClk_SetDivider
                0x00000000        0xc .\CortexM3\ARM_GCC_541\Debug\Design01.a(CyLib.o)
 .text.CyBusClk_SetDivider
                0x00000000       0x70 .\CortexM3\ARM_GCC_541\Debug\Design01.a(CyLib.o)
 .text.CyUsbClk_SetSource
                0x00000000       0x18 .\CortexM3\ARM_GCC_541\Debug\Design01.a(CyLib.o)
 .text.CyILO_Start1K
                0x00000000       0x10 .\CortexM3\ARM_GCC_541\Debug\Design01.a(CyLib.o)
 .text.CyILO_Stop1K
                0x00000000       0x10 .\CortexM3\ARM_GCC_541\Debug\Design01.a(CyLib.o)
 .text.CyILO_Start100K
                0x00000000       0x10 .\CortexM3\ARM_GCC_541\Debug\Design01.a(CyLib.o)
 .text.CyILO_Stop100K
                0x00000000       0x10 .\CortexM3\ARM_GCC_541\Debug\Design01.a(CyLib.o)
 .text.CyPLL_OUT_Start
                0x00000000       0x78 .\CortexM3\ARM_GCC_541\Debug\Design01.a(CyLib.o)
 .text.CyIMO_Start
                0x00000000       0x60 .\CortexM3\ARM_GCC_541\Debug\Design01.a(CyLib.o)
 .text.CyILO_Enable33K
                0x00000000       0x10 .\CortexM3\ARM_GCC_541\Debug\Design01.a(CyLib.o)
 .text.CyILO_Disable33K
                0x00000000       0x10 .\CortexM3\ARM_GCC_541\Debug\Design01.a(CyLib.o)
 .text.CyILO_SetSource
                0x00000000       0x18 .\CortexM3\ARM_GCC_541\Debug\Design01.a(CyLib.o)
 .text.CyILO_SetPowerMode
                0x00000000       0x24 .\CortexM3\ARM_GCC_541\Debug\Design01.a(CyLib.o)
 .text.CyXTAL_32KHZ_Stop
                0x00000000       0x30 .\CortexM3\ARM_GCC_541\Debug\Design01.a(CyLib.o)
 .text.CyXTAL_32KHZ_ReadStatus
                0x00000000       0x10 .\CortexM3\ARM_GCC_541\Debug\Design01.a(CyLib.o)
 .text.CyXTAL_Start
                0x00000000       0xac .\CortexM3\ARM_GCC_541\Debug\Design01.a(CyLib.o)
 .text.CyXTAL_Stop
                0x00000000       0x10 .\CortexM3\ARM_GCC_541\Debug\Design01.a(CyLib.o)
 .text.CyXTAL_EnableErrStatus
                0x00000000       0x10 .\CortexM3\ARM_GCC_541\Debug\Design01.a(CyLib.o)
 .text.CyXTAL_DisableErrStatus
                0x00000000       0x10 .\CortexM3\ARM_GCC_541\Debug\Design01.a(CyLib.o)
 .text.CyXTAL_ReadStatus
                0x00000000       0x18 .\CortexM3\ARM_GCC_541\Debug\Design01.a(CyLib.o)
 .text.CyXTAL_EnableFaultRecovery
                0x00000000       0x10 .\CortexM3\ARM_GCC_541\Debug\Design01.a(CyLib.o)
 .text.CyXTAL_DisableFaultRecovery
                0x00000000       0x10 .\CortexM3\ARM_GCC_541\Debug\Design01.a(CyLib.o)
 .text.CyXTAL_SetStartup
                0x00000000       0x18 .\CortexM3\ARM_GCC_541\Debug\Design01.a(CyLib.o)
 .text.CyXTAL_SetFbVoltage
                0x00000000       0x18 .\CortexM3\ARM_GCC_541\Debug\Design01.a(CyLib.o)
 .text.CyXTAL_SetWdVoltage
                0x00000000       0x18 .\CortexM3\ARM_GCC_541\Debug\Design01.a(CyLib.o)
 .text.CyHalt   0x00000000        0x4 .\CortexM3\ARM_GCC_541\Debug\Design01.a(CyLib.o)
 .text.CyPLL_OUT_SetPQ
                0x00000000       0x60 .\CortexM3\ARM_GCC_541\Debug\Design01.a(CyLib.o)
 .text.CyPLL_OUT_SetSource
                0x00000000       0x34 .\CortexM3\ARM_GCC_541\Debug\Design01.a(CyLib.o)
 .text.CyIMO_SetTrimValue
                0x00000000       0xcc .\CortexM3\ARM_GCC_541\Debug\Design01.a(CyLib.o)
 .text.CyIMO_SetFreq
                0x00000000       0xf4 .\CortexM3\ARM_GCC_541\Debug\Design01.a(CyLib.o)
 .text.CyIMO_SetSource
                0x00000000       0x58 .\CortexM3\ARM_GCC_541\Debug\Design01.a(CyLib.o)
 .text.CySoftwareReset
                0x00000000       0x10 .\CortexM3\ARM_GCC_541\Debug\Design01.a(CyLib.o)
 .text.CyXTAL_32KHZ_SetPowerMode
                0x00000000       0x84 .\CortexM3\ARM_GCC_541\Debug\Design01.a(CyLib.o)
 .text.CyXTAL_32KHZ_Start
                0x00000000       0x74 .\CortexM3\ARM_GCC_541\Debug\Design01.a(CyLib.o)
 .text.CyDelayFreq
                0x00000000       0x4c .\CortexM3\ARM_GCC_541\Debug\Design01.a(CyLib.o)
 .text.CyWdtStart
                0x00000000       0x40 .\CortexM3\ARM_GCC_541\Debug\Design01.a(CyLib.o)
 .text.CyWdtClear
                0x00000000        0xc .\CortexM3\ARM_GCC_541\Debug\Design01.a(CyLib.o)
 .text.CyVdStickyStatus
                0x00000000       0x2c .\CortexM3\ARM_GCC_541\Debug\Design01.a(CyLib.o)
 .text.CyVdLvDigitEnable
                0x00000000       0x84 .\CortexM3\ARM_GCC_541\Debug\Design01.a(CyLib.o)
 .text.CyVdLvAnalogEnable
                0x00000000       0x80 .\CortexM3\ARM_GCC_541\Debug\Design01.a(CyLib.o)
 .text.CyVdLvDigitDisable
                0x00000000       0x30 .\CortexM3\ARM_GCC_541\Debug\Design01.a(CyLib.o)
 .text.CyVdLvAnalogDisable
                0x00000000       0x28 .\CortexM3\ARM_GCC_541\Debug\Design01.a(CyLib.o)
 .text.CyVdHvAnalogEnable
                0x00000000       0x54 .\CortexM3\ARM_GCC_541\Debug\Design01.a(CyLib.o)
 .text.CyVdHvAnalogDisable
                0x00000000       0x20 .\CortexM3\ARM_GCC_541\Debug\Design01.a(CyLib.o)
 .text.CyVdRealTimeStatus
                0x00000000       0x1c .\CortexM3\ARM_GCC_541\Debug\Design01.a(CyLib.o)
 .text.CyDisableInts
                0x00000000       0x1c .\CortexM3\ARM_GCC_541\Debug\Design01.a(CyLib.o)
 .text.CyEnableInts
                0x00000000       0x18 .\CortexM3\ARM_GCC_541\Debug\Design01.a(CyLib.o)
 .text.CyFlushCache
                0x00000000       0x44 .\CortexM3\ARM_GCC_541\Debug\Design01.a(CyLib.o)
 .text.CyIntSetSysVector
                0x00000000       0x28 .\CortexM3\ARM_GCC_541\Debug\Design01.a(CyLib.o)
 .text.CyIntGetSysVector
                0x00000000       0x20 .\CortexM3\ARM_GCC_541\Debug\Design01.a(CyLib.o)
 .text.CyIntSetVector
                0x00000000       0x28 .\CortexM3\ARM_GCC_541\Debug\Design01.a(CyLib.o)
 .text.CyIntGetVector
                0x00000000       0x24 .\CortexM3\ARM_GCC_541\Debug\Design01.a(CyLib.o)
 .text.CyIntSetPriority
                0x00000000       0x30 .\CortexM3\ARM_GCC_541\Debug\Design01.a(CyLib.o)
 .text.CyIntGetPriority
                0x00000000       0x20 .\CortexM3\ARM_GCC_541\Debug\Design01.a(CyLib.o)
 .text.CyIntGetState
                0x00000000       0x24 .\CortexM3\ARM_GCC_541\Debug\Design01.a(CyLib.o)
 .text.CySysTickStop
                0x00000000       0x10 .\CortexM3\ARM_GCC_541\Debug\Design01.a(CyLib.o)
 .text.CySysTickEnableInterrupt
                0x00000000       0x10 .\CortexM3\ARM_GCC_541\Debug\Design01.a(CyLib.o)
 .text.CySysTickEnable
                0x00000000       0x18 .\CortexM3\ARM_GCC_541\Debug\Design01.a(CyLib.o)
 .text.CySysTickDisableInterrupt
                0x00000000       0x10 .\CortexM3\ARM_GCC_541\Debug\Design01.a(CyLib.o)
 .text.CySysTickSetReload
                0x00000000       0x10 .\CortexM3\ARM_GCC_541\Debug\Design01.a(CyLib.o)
 .text.CySysTickGetReload
                0x00000000       0x10 .\CortexM3\ARM_GCC_541\Debug\Design01.a(CyLib.o)
 .text.CySysTickGetValue
                0x00000000       0x10 .\CortexM3\ARM_GCC_541\Debug\Design01.a(CyLib.o)
 .text.CySysTickSetClockSource
                0x00000000       0x20 .\CortexM3\ARM_GCC_541\Debug\Design01.a(CyLib.o)
 .text.CySysTickGetClockSource
                0x00000000       0x10 .\CortexM3\ARM_GCC_541\Debug\Design01.a(CyLib.o)
 .text.CySysTickGetCountFlag
                0x00000000       0x10 .\CortexM3\ARM_GCC_541\Debug\Design01.a(CyLib.o)
 .text.CySysTickServiceCallbacks
                0x00000000       0x28 .\CortexM3\ARM_GCC_541\Debug\Design01.a(CyLib.o)
 .text.CySysTickClear
                0x00000000        0xc .\CortexM3\ARM_GCC_541\Debug\Design01.a(CyLib.o)
 .text.CySysTickInit
                0x00000000       0x58 .\CortexM3\ARM_GCC_541\Debug\Design01.a(CyLib.o)
 .text.CySysTickStart
                0x00000000       0x1c .\CortexM3\ARM_GCC_541\Debug\Design01.a(CyLib.o)
 .text.CySysTickSetCallback
                0x00000000       0x10 .\CortexM3\ARM_GCC_541\Debug\Design01.a(CyLib.o)
 .text.CySysTickGetCallback
                0x00000000       0x10 .\CortexM3\ARM_GCC_541\Debug\Design01.a(CyLib.o)
 .text.CyGetUniqueId
                0x00000000       0x70 .\CortexM3\ARM_GCC_541\Debug\Design01.a(CyLib.o)
 .text          0x00000000        0x0 .\CortexM3\ARM_GCC_541\Debug\Design01.a(cyPm.o)
 .data          0x00000000        0x0 .\CortexM3\ARM_GCC_541\Debug\Design01.a(cyPm.o)
 .bss           0x00000000       0x43 .\CortexM3\ARM_GCC_541\Debug\Design01.a(cyPm.o)
 .text.CyPmHibSlpSaveSet
                0x00000000      0x1dc .\CortexM3\ARM_GCC_541\Debug\Design01.a(cyPm.o)
 .text.CyPmHibSlpRestore
                0x00000000       0xd8 .\CortexM3\ARM_GCC_541\Debug\Design01.a(cyPm.o)
 .text.CyPmHviLviSaveDisable
                0x00000000       0xa0 .\CortexM3\ARM_GCC_541\Debug\Design01.a(cyPm.o)
 .text.CyPmHibSaveSet
                0x00000000       0x98 .\CortexM3\ARM_GCC_541\Debug\Design01.a(cyPm.o)
 .text.CyPmHviLviRestore
                0x00000000       0x48 .\CortexM3\ARM_GCC_541\Debug\Design01.a(cyPm.o)
 .text.CyPmHibRestore
                0x00000000       0x60 .\CortexM3\ARM_GCC_541\Debug\Design01.a(cyPm.o)
 .text.CyPmSaveClocks
                0x00000000      0x218 .\CortexM3\ARM_GCC_541\Debug\Design01.a(cyPm.o)
 .text.CyPmRestoreClocks
                0x00000000      0x24c .\CortexM3\ARM_GCC_541\Debug\Design01.a(cyPm.o)
 .text.CyPmAltAct
                0x00000000       0x6c .\CortexM3\ARM_GCC_541\Debug\Design01.a(cyPm.o)
 .text.CyPmSleep
                0x00000000       0xf4 .\CortexM3\ARM_GCC_541\Debug\Design01.a(cyPm.o)
 .text.CyPmHibernateEx
                0x00000000       0xf4 .\CortexM3\ARM_GCC_541\Debug\Design01.a(cyPm.o)
 .text.CyPmHibernate
                0x00000000        0xc .\CortexM3\ARM_GCC_541\Debug\Design01.a(cyPm.o)
 .text.CyPmReadStatus
                0x00000000       0x30 .\CortexM3\ARM_GCC_541\Debug\Design01.a(cyPm.o)
 .text.CyPmCtwSetInterval
                0x00000000       0x5c .\CortexM3\ARM_GCC_541\Debug\Design01.a(cyPm.o)
 .text.CyPmOppsSet
                0x00000000       0x2c .\CortexM3\ARM_GCC_541\Debug\Design01.a(cyPm.o)
 .text.CyPmFtwSetInterval
                0x00000000       0x5c .\CortexM3\ARM_GCC_541\Debug\Design01.a(cyPm.o)
 .rodata        0x00000000        0xf .\CortexM3\ARM_GCC_541\Debug\Design01.a(cyPm.o)
 .text          0x00000000        0x0 .\CortexM3\ARM_GCC_541\Debug\Design01.a(isr_Blancas.o)
 .data          0x00000000        0x0 .\CortexM3\ARM_GCC_541\Debug\Design01.a(isr_Blancas.o)
 .bss           0x00000000        0x0 .\CortexM3\ARM_GCC_541\Debug\Design01.a(isr_Blancas.o)
 .text.isr_Blancas_Interrupt
                0x00000000        0x4 .\CortexM3\ARM_GCC_541\Debug\Design01.a(isr_Blancas.o)
 .text.isr_Blancas_GetVector
                0x00000000        0xc .\CortexM3\ARM_GCC_541\Debug\Design01.a(isr_Blancas.o)
 .text.isr_Blancas_GetPriority
                0x00000000        0xc .\CortexM3\ARM_GCC_541\Debug\Design01.a(isr_Blancas.o)
 .text.isr_Blancas_GetState
                0x00000000       0x18 .\CortexM3\ARM_GCC_541\Debug\Design01.a(isr_Blancas.o)
 .text.isr_Blancas_Start
                0x00000000       0x1c .\CortexM3\ARM_GCC_541\Debug\Design01.a(isr_Blancas.o)
 .text.isr_Blancas_Stop
                0x00000000       0x14 .\CortexM3\ARM_GCC_541\Debug\Design01.a(isr_Blancas.o)
 .text.isr_Blancas_SetPending
                0x00000000        0xc .\CortexM3\ARM_GCC_541\Debug\Design01.a(isr_Blancas.o)
 .text.isr_Blancas_ClearPending
                0x00000000        0xc .\CortexM3\ARM_GCC_541\Debug\Design01.a(isr_Blancas.o)
 .text          0x00000000        0x0 .\CortexM3\ARM_GCC_541\Debug\Design01.a(isr_Negras.o)
 .data          0x00000000        0x0 .\CortexM3\ARM_GCC_541\Debug\Design01.a(isr_Negras.o)
 .bss           0x00000000        0x0 .\CortexM3\ARM_GCC_541\Debug\Design01.a(isr_Negras.o)
 .text.isr_Negras_Interrupt
                0x00000000        0x4 .\CortexM3\ARM_GCC_541\Debug\Design01.a(isr_Negras.o)
 .text.isr_Negras_GetVector
                0x00000000        0xc .\CortexM3\ARM_GCC_541\Debug\Design01.a(isr_Negras.o)
 .text.isr_Negras_GetPriority
                0x00000000        0xc .\CortexM3\ARM_GCC_541\Debug\Design01.a(isr_Negras.o)
 .text.isr_Negras_GetState
                0x00000000       0x18 .\CortexM3\ARM_GCC_541\Debug\Design01.a(isr_Negras.o)
 .text.isr_Negras_Start
                0x00000000       0x1c .\CortexM3\ARM_GCC_541\Debug\Design01.a(isr_Negras.o)
 .text.isr_Negras_Stop
                0x00000000       0x14 .\CortexM3\ARM_GCC_541\Debug\Design01.a(isr_Negras.o)
 .text.isr_Negras_SetPending
                0x00000000        0xc .\CortexM3\ARM_GCC_541\Debug\Design01.a(isr_Negras.o)
 .text.isr_Negras_ClearPending
                0x00000000        0xc .\CortexM3\ARM_GCC_541\Debug\Design01.a(isr_Negras.o)
 .text          0x00000000        0x0 .\CortexM3\ARM_GCC_541\Debug\Design01.a(Timer_1.o)
 .data          0x00000000        0x0 .\CortexM3\ARM_GCC_541\Debug\Design01.a(Timer_1.o)
 .text.Timer_1_Stop
                0x00000000       0x28 .\CortexM3\ARM_GCC_541\Debug\Design01.a(Timer_1.o)
 .text.Timer_1_SoftwareCapture
                0x00000000        0xc .\CortexM3\ARM_GCC_541\Debug\Design01.a(Timer_1.o)
 .text.Timer_1_ReadStatusRegister
                0x00000000        0xc .\CortexM3\ARM_GCC_541\Debug\Design01.a(Timer_1.o)
 .text.Timer_1_ReadControlRegister
                0x00000000        0xc .\CortexM3\ARM_GCC_541\Debug\Design01.a(Timer_1.o)
 .text.Timer_1_WriteControlRegister
                0x00000000        0xc .\CortexM3\ARM_GCC_541\Debug\Design01.a(Timer_1.o)
 .text.Timer_1_ReadPeriod
                0x00000000        0xc .\CortexM3\ARM_GCC_541\Debug\Design01.a(Timer_1.o)
 .text.Timer_1_ReadCapture
                0x00000000        0xc .\CortexM3\ARM_GCC_541\Debug\Design01.a(Timer_1.o)
 .text.Timer_1_ReadCounter
                0x00000000       0x14 .\CortexM3\ARM_GCC_541\Debug\Design01.a(Timer_1.o)
 .text          0x00000000        0x0 .\CortexM3\ARM_GCC_541\Debug\Design01.a(isr_Timer.o)
 .data          0x00000000        0x0 .\CortexM3\ARM_GCC_541\Debug\Design01.a(isr_Timer.o)
 .bss           0x00000000        0x0 .\CortexM3\ARM_GCC_541\Debug\Design01.a(isr_Timer.o)
 .text.isr_Timer_Interrupt
                0x00000000        0x4 .\CortexM3\ARM_GCC_541\Debug\Design01.a(isr_Timer.o)
 .text.isr_Timer_GetVector
                0x00000000       0x10 .\CortexM3\ARM_GCC_541\Debug\Design01.a(isr_Timer.o)
 .text.isr_Timer_GetPriority
                0x00000000        0xc .\CortexM3\ARM_GCC_541\Debug\Design01.a(isr_Timer.o)
 .text.isr_Timer_GetState
                0x00000000       0x18 .\CortexM3\ARM_GCC_541\Debug\Design01.a(isr_Timer.o)
 .text.isr_Timer_Start
                0x00000000       0x1c .\CortexM3\ARM_GCC_541\Debug\Design01.a(isr_Timer.o)
 .text.isr_Timer_Stop
                0x00000000       0x14 .\CortexM3\ARM_GCC_541\Debug\Design01.a(isr_Timer.o)
 .text.isr_Timer_SetPending
                0x00000000       0x10 .\CortexM3\ARM_GCC_541\Debug\Design01.a(isr_Timer.o)
 .text          0x00000000        0x0 .\CortexM3\ARM_GCC_541\Debug\Design01.a(C_Blancas.o)
 .data          0x00000000        0x0 .\CortexM3\ARM_GCC_541\Debug\Design01.a(C_Blancas.o)
 .bss           0x00000000        0x0 .\CortexM3\ARM_GCC_541\Debug\Design01.a(C_Blancas.o)
 .text.C_Blancas_Write
                0x00000000       0x18 .\CortexM3\ARM_GCC_541\Debug\Design01.a(C_Blancas.o)
 .text.C_Blancas_SetDriveMode
                0x00000000       0x18 .\CortexM3\ARM_GCC_541\Debug\Design01.a(C_Blancas.o)
 .text.C_Blancas_ReadDataReg
                0x00000000       0x10 .\CortexM3\ARM_GCC_541\Debug\Design01.a(C_Blancas.o)
 .text.C_Blancas_SetInterruptMode
                0x00000000       0x14 .\CortexM3\ARM_GCC_541\Debug\Design01.a(C_Blancas.o)
 .text          0x00000000        0x0 .\CortexM3\ARM_GCC_541\Debug\Design01.a(C_Negras.o)
 .data          0x00000000        0x0 .\CortexM3\ARM_GCC_541\Debug\Design01.a(C_Negras.o)
 .bss           0x00000000        0x0 .\CortexM3\ARM_GCC_541\Debug\Design01.a(C_Negras.o)
 .text.C_Negras_Write
                0x00000000       0x18 .\CortexM3\ARM_GCC_541\Debug\Design01.a(C_Negras.o)
 .text.C_Negras_SetDriveMode
                0x00000000       0x18 .\CortexM3\ARM_GCC_541\Debug\Design01.a(C_Negras.o)
 .text.C_Negras_ReadDataReg
                0x00000000       0x10 .\CortexM3\ARM_GCC_541\Debug\Design01.a(C_Negras.o)
 .text.C_Negras_SetInterruptMode
                0x00000000       0x14 .\CortexM3\ARM_GCC_541\Debug\Design01.a(C_Negras.o)
 .text          0x00000000        0x0 .\CortexM3\ARM_GCC_541\Debug\Design01.a(Tiempos.o)
 .data          0x00000000        0x0 .\CortexM3\ARM_GCC_541\Debug\Design01.a(Tiempos.o)
 .bss           0x00000000        0x0 .\CortexM3\ARM_GCC_541\Debug\Design01.a(Tiempos.o)
 .text.Tiempos_Write
                0x00000000       0x18 .\CortexM3\ARM_GCC_541\Debug\Design01.a(Tiempos.o)
 .text.Tiempos_SetDriveMode
                0x00000000       0x18 .\CortexM3\ARM_GCC_541\Debug\Design01.a(Tiempos.o)
 .text.Tiempos_ReadDataReg
                0x00000000       0x10 .\CortexM3\ARM_GCC_541\Debug\Design01.a(Tiempos.o)
 .text.Tiempos_SetInterruptMode
                0x00000000       0x14 .\CortexM3\ARM_GCC_541\Debug\Design01.a(Tiempos.o)
 .text          0x00000000        0x0 .\CortexM3\ARM_GCC_541\Debug\Design01.a(Aceptar.o)
 .data          0x00000000        0x0 .\CortexM3\ARM_GCC_541\Debug\Design01.a(Aceptar.o)
 .bss           0x00000000        0x0 .\CortexM3\ARM_GCC_541\Debug\Design01.a(Aceptar.o)
 .text.Aceptar_Write
                0x00000000       0x18 .\CortexM3\ARM_GCC_541\Debug\Design01.a(Aceptar.o)
 .text.Aceptar_SetDriveMode
                0x00000000       0x18 .\CortexM3\ARM_GCC_541\Debug\Design01.a(Aceptar.o)
 .text.Aceptar_ReadDataReg
                0x00000000       0x10 .\CortexM3\ARM_GCC_541\Debug\Design01.a(Aceptar.o)
 .text.Aceptar_SetInterruptMode
                0x00000000       0x14 .\CortexM3\ARM_GCC_541\Debug\Design01.a(Aceptar.o)
 .text          0x00000000        0x0 .\CortexM3\ARM_GCC_541\Debug\Design01.a(isr_Tiempos.o)
 .data          0x00000000        0x0 .\CortexM3\ARM_GCC_541\Debug\Design01.a(isr_Tiempos.o)
 .bss           0x00000000        0x0 .\CortexM3\ARM_GCC_541\Debug\Design01.a(isr_Tiempos.o)
 .text.isr_Tiempos_Interrupt
                0x00000000        0x4 .\CortexM3\ARM_GCC_541\Debug\Design01.a(isr_Tiempos.o)
 .text.isr_Tiempos_GetVector
                0x00000000        0xc .\CortexM3\ARM_GCC_541\Debug\Design01.a(isr_Tiempos.o)
 .text.isr_Tiempos_GetPriority
                0x00000000        0xc .\CortexM3\ARM_GCC_541\Debug\Design01.a(isr_Tiempos.o)
 .text.isr_Tiempos_GetState
                0x00000000       0x18 .\CortexM3\ARM_GCC_541\Debug\Design01.a(isr_Tiempos.o)
 .text.isr_Tiempos_Start
                0x00000000       0x1c .\CortexM3\ARM_GCC_541\Debug\Design01.a(isr_Tiempos.o)
 .text.isr_Tiempos_Stop
                0x00000000       0x14 .\CortexM3\ARM_GCC_541\Debug\Design01.a(isr_Tiempos.o)
 .text.isr_Tiempos_SetPending
                0x00000000        0xc .\CortexM3\ARM_GCC_541\Debug\Design01.a(isr_Tiempos.o)
 .text.isr_Tiempos_ClearPending
                0x00000000        0xc .\CortexM3\ARM_GCC_541\Debug\Design01.a(isr_Tiempos.o)
 .text          0x00000000        0x0 .\CortexM3\ARM_GCC_541\Debug\Design01.a(isr_Aceptar.o)
 .data          0x00000000        0x0 .\CortexM3\ARM_GCC_541\Debug\Design01.a(isr_Aceptar.o)
 .bss           0x00000000        0x0 .\CortexM3\ARM_GCC_541\Debug\Design01.a(isr_Aceptar.o)
 .text.isr_Aceptar_Interrupt
                0x00000000        0x4 .\CortexM3\ARM_GCC_541\Debug\Design01.a(isr_Aceptar.o)
 .text.isr_Aceptar_GetVector
                0x00000000        0xc .\CortexM3\ARM_GCC_541\Debug\Design01.a(isr_Aceptar.o)
 .text.isr_Aceptar_GetPriority
                0x00000000        0xc .\CortexM3\ARM_GCC_541\Debug\Design01.a(isr_Aceptar.o)
 .text.isr_Aceptar_GetState
                0x00000000       0x18 .\CortexM3\ARM_GCC_541\Debug\Design01.a(isr_Aceptar.o)
 .text.isr_Aceptar_Start
                0x00000000       0x1c .\CortexM3\ARM_GCC_541\Debug\Design01.a(isr_Aceptar.o)
 .text.isr_Aceptar_Stop
                0x00000000       0x14 .\CortexM3\ARM_GCC_541\Debug\Design01.a(isr_Aceptar.o)
 .text.isr_Aceptar_SetPending
                0x00000000        0xc .\CortexM3\ARM_GCC_541\Debug\Design01.a(isr_Aceptar.o)
 .text.isr_Aceptar_ClearPending
                0x00000000        0xc .\CortexM3\ARM_GCC_541\Debug\Design01.a(isr_Aceptar.o)
 .text          0x00000000        0x0 .\CortexM3\ARM_GCC_541\Debug\Design01.a(Pin_1.o)
 .data          0x00000000        0x0 .\CortexM3\ARM_GCC_541\Debug\Design01.a(Pin_1.o)
 .bss           0x00000000        0x0 .\CortexM3\ARM_GCC_541\Debug\Design01.a(Pin_1.o)
 .text.Pin_1_SetDriveMode
                0x00000000       0x18 .\CortexM3\ARM_GCC_541\Debug\Design01.a(Pin_1.o)
 .text.Pin_1_Read
                0x00000000       0x10 .\CortexM3\ARM_GCC_541\Debug\Design01.a(Pin_1.o)
 .text.Pin_1_ReadDataReg
                0x00000000       0x10 .\CortexM3\ARM_GCC_541\Debug\Design01.a(Pin_1.o)
 .data          0x00000000        0x0 .\CortexM3\ARM_GCC_541\Debug\Design01.a(CyBootAsmGnu.o)
 .bss           0x00000000        0x0 .\CortexM3\ARM_GCC_541\Debug\Design01.a(CyBootAsmGnu.o)
 .text          0x00000000        0x0 .\CortexM3\ARM_GCC_541\Debug\Design01.a(CyFlash.o)
 .data          0x00000000        0x0 .\CortexM3\ARM_GCC_541\Debug\Design01.a(CyFlash.o)
 .bss           0x00000000        0x0 .\CortexM3\ARM_GCC_541\Debug\Design01.a(CyFlash.o)
 .text.CySetTempInt
                0x00000000       0x60 .\CortexM3\ARM_GCC_541\Debug\Design01.a(CyFlash.o)
 .text.CyFlash_Start
                0x00000000       0x54 .\CortexM3\ARM_GCC_541\Debug\Design01.a(CyFlash.o)
 .text.CyFlash_Stop
                0x00000000       0x24 .\CortexM3\ARM_GCC_541\Debug\Design01.a(CyFlash.o)
 .text.CyFlash_EraseRow
                0x00000000       0x78 .\CortexM3\ARM_GCC_541\Debug\Design01.a(CyFlash.o)
 .text.CyFlashGetSpcAlgorithm
                0x00000000       0x4c .\CortexM3\ARM_GCC_541\Debug\Design01.a(CyFlash.o)
 .text.CySetTemp
                0x00000000       0x14 .\CortexM3\ARM_GCC_541\Debug\Design01.a(CyFlash.o)
 .text.CySetFlashEEBuffer
                0x00000000       0x20 .\CortexM3\ARM_GCC_541\Debug\Design01.a(CyFlash.o)
 .text.CyWriteRowFull
                0x00000000       0xf8 .\CortexM3\ARM_GCC_541\Debug\Design01.a(CyFlash.o)
 .text.CyWriteRowData
                0x00000000       0x14 .\CortexM3\ARM_GCC_541\Debug\Design01.a(CyFlash.o)
 .text.CyFlash_SetWaitCycles
                0x00000000       0x7c .\CortexM3\ARM_GCC_541\Debug\Design01.a(CyFlash.o)
 .text.CyEEPROM_Start
                0x00000000       0x54 .\CortexM3\ARM_GCC_541\Debug\Design01.a(CyFlash.o)
 .text.CyEEPROM_Stop
                0x00000000       0x24 .\CortexM3\ARM_GCC_541\Debug\Design01.a(CyFlash.o)
 .text.CyEEPROM_ReadReserve
                0x00000000       0x1c .\CortexM3\ARM_GCC_541\Debug\Design01.a(CyFlash.o)
 .text.CyEEPROM_ReadRelease
                0x00000000       0x10 .\CortexM3\ARM_GCC_541\Debug\Design01.a(CyFlash.o)
 COMMON         0x00000000        0x2 .\CortexM3\ARM_GCC_541\Debug\Design01.a(CyFlash.o)
 .text          0x00000000        0x0 .\CortexM3\ARM_GCC_541\Debug\Design01.a(CySpc.o)
 .data          0x00000000        0x0 .\CortexM3\ARM_GCC_541\Debug\Design01.a(CySpc.o)
 .bss           0x00000000        0x8 .\CortexM3\ARM_GCC_541\Debug\Design01.a(CySpc.o)
 .text.CySpcStart
                0x00000000       0x24 .\CortexM3\ARM_GCC_541\Debug\Design01.a(CySpc.o)
 .text.CySpcStop
                0x00000000       0x24 .\CortexM3\ARM_GCC_541\Debug\Design01.a(CySpc.o)
 .text.CySpcReadData
                0x00000000       0x34 .\CortexM3\ARM_GCC_541\Debug\Design01.a(CySpc.o)
 .text.CySpcLoadMultiByte
                0x00000000       0x78 .\CortexM3\ARM_GCC_541\Debug\Design01.a(CySpc.o)
 .text.CySpcLoadRow
                0x00000000       0x50 .\CortexM3\ARM_GCC_541\Debug\Design01.a(CySpc.o)
 .text.CySpcLoadRowFull
                0x00000000       0x80 .\CortexM3\ARM_GCC_541\Debug\Design01.a(CySpc.o)
 .text.CySpcWriteRow
                0x00000000       0x4c .\CortexM3\ARM_GCC_541\Debug\Design01.a(CySpc.o)
 .text.CySpcEraseSector
                0x00000000       0x3c .\CortexM3\ARM_GCC_541\Debug\Design01.a(CySpc.o)
 .text.CySpcEraseRow
                0x00000000       0x4c .\CortexM3\ARM_GCC_541\Debug\Design01.a(CySpc.o)
 .text.CySpcGetTemp
                0x00000000       0x3c .\CortexM3\ARM_GCC_541\Debug\Design01.a(CySpc.o)
 .text.CySpcLock
                0x00000000       0x4c .\CortexM3\ARM_GCC_541\Debug\Design01.a(CySpc.o)
 .text.CySpcUnlock
                0x00000000       0x38 .\CortexM3\ARM_GCC_541\Debug\Design01.a(CySpc.o)
 .text.CySpcGetAlgorithm
                0x00000000       0x28 .\CortexM3\ARM_GCC_541\Debug\Design01.a(CySpc.o)
 .text          0x00000000        0x0 c:/program files (x86)/cypress/psoc creator/4.2/psoc creator/import/gnu/arm/5.4.1/bin/../lib/gcc/arm-none-eabi/5.4.1/../../../../arm-none-eabi/lib/armv7-m\libg_nano.a(lib_a-errno.o)
 .data          0x00000000        0x0 c:/program files (x86)/cypress/psoc creator/4.2/psoc creator/import/gnu/arm/5.4.1/bin/../lib/gcc/arm-none-eabi/5.4.1/../../../../arm-none-eabi/lib/armv7-m\libg_nano.a(lib_a-errno.o)
 .bss           0x00000000        0x0 c:/program files (x86)/cypress/psoc creator/4.2/psoc creator/import/gnu/arm/5.4.1/bin/../lib/gcc/arm-none-eabi/5.4.1/../../../../arm-none-eabi/lib/armv7-m\libg_nano.a(lib_a-errno.o)
 .text          0x00000000        0x0 c:/program files (x86)/cypress/psoc creator/4.2/psoc creator/import/gnu/arm/5.4.1/bin/../lib/gcc/arm-none-eabi/5.4.1/../../../../arm-none-eabi/lib/armv7-m\libg_nano.a(lib_a-exit.o)
 .data          0x00000000        0x0 c:/program files (x86)/cypress/psoc creator/4.2/psoc creator/import/gnu/arm/5.4.1/bin/../lib/gcc/arm-none-eabi/5.4.1/../../../../arm-none-eabi/lib/armv7-m\libg_nano.a(lib_a-exit.o)
 .bss           0x00000000        0x0 c:/program files (x86)/cypress/psoc creator/4.2/psoc creator/import/gnu/arm/5.4.1/bin/../lib/gcc/arm-none-eabi/5.4.1/../../../../arm-none-eabi/lib/armv7-m\libg_nano.a(lib_a-exit.o)
 .text.exit     0x00000000       0x28 c:/program files (x86)/cypress/psoc creator/4.2/psoc creator/import/gnu/arm/5.4.1/bin/../lib/gcc/arm-none-eabi/5.4.1/../../../../arm-none-eabi/lib/armv7-m\libg_nano.a(lib_a-exit.o)
 .text          0x00000000        0x0 c:/program files (x86)/cypress/psoc creator/4.2/psoc creator/import/gnu/arm/5.4.1/bin/../lib/gcc/arm-none-eabi/5.4.1/../../../../arm-none-eabi/lib/armv7-m\libg_nano.a(lib_a-impure.o)
 .data          0x00000000        0x0 c:/program files (x86)/cypress/psoc creator/4.2/psoc creator/import/gnu/arm/5.4.1/bin/../lib/gcc/arm-none-eabi/5.4.1/../../../../arm-none-eabi/lib/armv7-m\libg_nano.a(lib_a-impure.o)
 .bss           0x00000000        0x0 c:/program files (x86)/cypress/psoc creator/4.2/psoc creator/import/gnu/arm/5.4.1/bin/../lib/gcc/arm-none-eabi/5.4.1/../../../../arm-none-eabi/lib/armv7-m\libg_nano.a(lib_a-impure.o)
 .rodata._global_impure_ptr
                0x00000000        0x4 c:/program files (x86)/cypress/psoc creator/4.2/psoc creator/import/gnu/arm/5.4.1/bin/../lib/gcc/arm-none-eabi/5.4.1/../../../../arm-none-eabi/lib/armv7-m\libg_nano.a(lib_a-impure.o)
 .text          0x00000000        0x0 c:/program files (x86)/cypress/psoc creator/4.2/psoc creator/import/gnu/arm/5.4.1/bin/../lib/gcc/arm-none-eabi/5.4.1/../../../../arm-none-eabi/lib/armv7-m\libg_nano.a(lib_a-init.o)
 .data          0x00000000        0x0 c:/program files (x86)/cypress/psoc creator/4.2/psoc creator/import/gnu/arm/5.4.1/bin/../lib/gcc/arm-none-eabi/5.4.1/../../../../arm-none-eabi/lib/armv7-m\libg_nano.a(lib_a-init.o)
 .bss           0x00000000        0x0 c:/program files (x86)/cypress/psoc creator/4.2/psoc creator/import/gnu/arm/5.4.1/bin/../lib/gcc/arm-none-eabi/5.4.1/../../../../arm-none-eabi/lib/armv7-m\libg_nano.a(lib_a-init.o)
 .text          0x00000000        0x0 c:/program files (x86)/cypress/psoc creator/4.2/psoc creator/import/gnu/arm/5.4.1/bin/../lib/gcc/arm-none-eabi/5.4.1/../../../../arm-none-eabi/lib/armv7-m\libg_nano.a(lib_a-memcpy-stub.o)
 .data          0x00000000        0x0 c:/program files (x86)/cypress/psoc creator/4.2/psoc creator/import/gnu/arm/5.4.1/bin/../lib/gcc/arm-none-eabi/5.4.1/../../../../arm-none-eabi/lib/armv7-m\libg_nano.a(lib_a-memcpy-stub.o)
 .bss           0x00000000        0x0 c:/program files (x86)/cypress/psoc creator/4.2/psoc creator/import/gnu/arm/5.4.1/bin/../lib/gcc/arm-none-eabi/5.4.1/../../../../arm-none-eabi/lib/armv7-m\libg_nano.a(lib_a-memcpy-stub.o)
 .text          0x00000000        0x0 c:/program files (x86)/cypress/psoc creator/4.2/psoc creator/import/gnu/arm/5.4.1/bin/../lib/gcc/arm-none-eabi/5.4.1/../../../../arm-none-eabi/lib/armv7-m\libg_nano.a(lib_a-memset.o)
 .data          0x00000000        0x0 c:/program files (x86)/cypress/psoc creator/4.2/psoc creator/import/gnu/arm/5.4.1/bin/../lib/gcc/arm-none-eabi/5.4.1/../../../../arm-none-eabi/lib/armv7-m\libg_nano.a(lib_a-memset.o)
 .bss           0x00000000        0x0 c:/program files (x86)/cypress/psoc creator/4.2/psoc creator/import/gnu/arm/5.4.1/bin/../lib/gcc/arm-none-eabi/5.4.1/../../../../arm-none-eabi/lib/armv7-m\libg_nano.a(lib_a-memset.o)
 .text          0x00000000        0x0 c:/program files (x86)/cypress/psoc creator/4.2/psoc creator/import/gnu/arm/5.4.1/bin/../lib/gcc/arm-none-eabi/5.4.1/../../../../arm-none-eabi/lib/armv7-m\libg_nano.a(lib_a-strcpy.o)
 .data          0x00000000        0x0 c:/program files (x86)/cypress/psoc creator/4.2/psoc creator/import/gnu/arm/5.4.1/bin/../lib/gcc/arm-none-eabi/5.4.1/../../../../arm-none-eabi/lib/armv7-m\libg_nano.a(lib_a-strcpy.o)
 .bss           0x00000000        0x0 c:/program files (x86)/cypress/psoc creator/4.2/psoc creator/import/gnu/arm/5.4.1/bin/../lib/gcc/arm-none-eabi/5.4.1/../../../../arm-none-eabi/lib/armv7-m\libg_nano.a(lib_a-strcpy.o)
 .text          0x00000000        0x0 c:/program files (x86)/cypress/psoc creator/4.2/psoc creator/import/gnu/arm/5.4.1/bin/../lib/gcc/arm-none-eabi/5.4.1/armv7-m/crtend.o
 .data          0x00000000        0x0 c:/program files (x86)/cypress/psoc creator/4.2/psoc creator/import/gnu/arm/5.4.1/bin/../lib/gcc/arm-none-eabi/5.4.1/armv7-m/crtend.o
 .bss           0x00000000        0x0 c:/program files (x86)/cypress/psoc creator/4.2/psoc creator/import/gnu/arm/5.4.1/bin/../lib/gcc/arm-none-eabi/5.4.1/armv7-m/crtend.o
 .text          0x00000000        0x0 c:/program files (x86)/cypress/psoc creator/4.2/psoc creator/import/gnu/arm/5.4.1/bin/../lib/gcc/arm-none-eabi/5.4.1/armv7-m/crtn.o
 .data          0x00000000        0x0 c:/program files (x86)/cypress/psoc creator/4.2/psoc creator/import/gnu/arm/5.4.1/bin/../lib/gcc/arm-none-eabi/5.4.1/armv7-m/crtn.o
 .bss           0x00000000        0x0 c:/program files (x86)/cypress/psoc creator/4.2/psoc creator/import/gnu/arm/5.4.1/bin/../lib/gcc/arm-none-eabi/5.4.1/armv7-m/crtn.o

Memory Configuration

Name             Origin             Length             Attributes
rom              0x00000000         0x00040000         xr
ram              0x1fff8000         0x00010000         xrw
*default*        0x00000000         0xffffffff

Linker script and memory map

LOAD c:/program files (x86)/cypress/psoc creator/4.2/psoc creator/import/gnu/arm/5.4.1/bin/../lib/gcc/arm-none-eabi/5.4.1/armv7-m/crti.o
LOAD c:/program files (x86)/cypress/psoc creator/4.2/psoc creator/import/gnu/arm/5.4.1/bin/../lib/gcc/arm-none-eabi/5.4.1/armv7-m/crtbegin.o
LOAD c:/program files (x86)/cypress/psoc creator/4.2/psoc creator/import/gnu/arm/5.4.1/bin/../lib/gcc/arm-none-eabi/5.4.1/../../../../arm-none-eabi/lib/armv7-m/crt0.o
START GROUP
LOAD .\CortexM3\ARM_GCC_541\Debug\main.o
LOAD .\CortexM3\ARM_GCC_541\Debug\cyfitter_cfg.o
LOAD .\CortexM3\ARM_GCC_541\Debug\cymetadata.o
LOAD .\CortexM3\ARM_GCC_541\Debug\Cm3Start.o
LOAD .\CortexM3\ARM_GCC_541\Debug\Design01.a
LOAD C:\Program Files (x86)\Cypress\PSoC Creator\4.2\PSoC Creator\psoc\content\cycomponentlibrary\CyComponentLibrary.cylib\CortexM3\ARM_GCC_541\Debug\CyComponentLibrary.a
END GROUP
START GROUP
LOAD c:/program files (x86)/cypress/psoc creator/4.2/psoc creator/import/gnu/arm/5.4.1/bin/../lib/gcc/arm-none-eabi/5.4.1/armv7-m\libgcc.a
LOAD c:/program files (x86)/cypress/psoc creator/4.2/psoc creator/import/gnu/arm/5.4.1/bin/../lib/gcc/arm-none-eabi/5.4.1/../../../../arm-none-eabi/lib/armv7-m\libg_nano.a
LOAD c:/program files (x86)/cypress/psoc creator/4.2/psoc creator/import/gnu/arm/5.4.1/bin/../lib/gcc/arm-none-eabi/5.4.1/../../../../arm-none-eabi/lib/armv7-m\libc_nano.a
END GROUP
START GROUP
LOAD c:/program files (x86)/cypress/psoc creator/4.2/psoc creator/import/gnu/arm/5.4.1/bin/../lib/gcc/arm-none-eabi/5.4.1/armv7-m\libgcc.a
LOAD c:/program files (x86)/cypress/psoc creator/4.2/psoc creator/import/gnu/arm/5.4.1/bin/../lib/gcc/arm-none-eabi/5.4.1/../../../../arm-none-eabi/lib/armv7-m\libc_nano.a
END GROUP
LOAD c:/program files (x86)/cypress/psoc creator/4.2/psoc creator/import/gnu/arm/5.4.1/bin/../lib/gcc/arm-none-eabi/5.4.1/armv7-m/crtend.o
LOAD c:/program files (x86)/cypress/psoc creator/4.2/psoc creator/import/gnu/arm/5.4.1/bin/../lib/gcc/arm-none-eabi/5.4.1/armv7-m/crtn.o
START GROUP
LOAD c:/program files (x86)/cypress/psoc creator/4.2/psoc creator/import/gnu/arm/5.4.1/bin/../lib/gcc/arm-none-eabi/5.4.1/armv7-m\libgcc.a
LOAD c:/program files (x86)/cypress/psoc creator/4.2/psoc creator/import/gnu/arm/5.4.1/bin/../lib/gcc/arm-none-eabi/5.4.1/../../../../arm-none-eabi/lib/armv7-m\libc.a
LOAD c:/program files (x86)/cypress/psoc creator/4.2/psoc creator/import/gnu/arm/5.4.1/bin/../lib/gcc/arm-none-eabi/5.4.1/../../../../arm-none-eabi/lib/armv7-m\libnosys.a
END GROUP
                0x00000000                CY_APPL_ORIGIN = 0x0
                0x00000100                CY_FLASH_ROW_SIZE = 0x100
                0x00000020                CY_ECC_ROW_SIZE = 0x20
                0x00000000                CY_EE_IN_BTLDR = 0x0
                0x00000000                CY_APPL_LOADABLE = 0x0
                0x00000800                CY_EE_SIZE = 0x800
                0x00000001                CY_APPL_NUM = 0x1
                0x00000001                CY_APPL_MAX = 0x1
                0x00000040                CY_METADATA_SIZE = 0x40
                0x00000000                CY_APPL_LOADABLE = 0x0
                0x00000000                CY_CHECKSUM_EXCLUDE_SIZE = ALIGN (0x0, CY_FLASH_ROW_SIZE)
                [!provide]                PROVIDE (__cy_heap_start, _end)
                0x00000001                PROVIDE (__cy_region_num, ((__cy_regions_end - __cy_regions) / 0x10))
                0x20008000                PROVIDE (__cy_stack, (ORIGIN (ram) + LENGTH (ram)))
                [!provide]                PROVIDE (__cy_heap_end, (__cy_stack - 0x800))

.cybootloader   0x00000000        0x0
 *(.cybootloader)
                0x00000000                appl1_start = CY_APPL_ORIGIN?CY_APPL_ORIGIN:ALIGN (CY_FLASH_ROW_SIZE)
                0x0001ff00                appl2_start = (appl1_start + ALIGN ((((LENGTH (rom) - appl1_start) - (0x2 * CY_FLASH_ROW_SIZE)) / 0x2), CY_FLASH_ROW_SIZE))
                0x00000000                appl_start = (CY_APPL_NUM == 0x1)?appl1_start:appl2_start
                0x00000000                ecc_offset = ((appl_start / CY_FLASH_ROW_SIZE) * CY_ECC_ROW_SIZE)
                0x00000000                ee_offset = (CY_APPL_LOADABLE && ! (CY_EE_IN_BTLDR))?((CY_EE_SIZE / CY_APPL_MAX) * (CY_APPL_NUM - 0x1)):0x0
                0x00000800                ee_size = (CY_APPL_LOADABLE && ! (CY_EE_IN_BTLDR))?(CY_EE_SIZE / CY_APPL_MAX):CY_EE_SIZE
                [!provide]                PROVIDE (CY_ECC_OFFSET, ecc_offset)

.text           0x00000000      0xe96
 CREATE_OBJECT_SYMBOLS
                0x00000000                PROVIDE (__cy_interrupt_vector, RomVectors)
 *(.romvectors)
 .romvectors    0x00000000       0x10 .\CortexM3\ARM_GCC_541\Debug\Cm3Start.o
                0x00000000                RomVectors
                0x00000001                ASSERT ((. != __cy_interrupt_vector), No interrupt vector)
                0x00000001                ASSERT (CY_APPL_ORIGIN?(SIZEOF (.cybootloader) <= CY_APPL_ORIGIN):0x1, Wrong image location)
                0x00000010                PROVIDE (__cy_reset, Reset)
 *(.text.Reset)
 .text.Reset    0x00000010       0x18 .\CortexM3\ARM_GCC_541\Debug\Cm3Start.o
                0x00000010                Reset
                0x00000001                ASSERT ((. != __cy_reset), No reset code)
 *(.dma_init)
                0x00000001                ASSERT ((((appl_start + .) <= 0x10000) || 0x1), DMA Init must be within the first 64k of flash)
 *(.text .text.* .gnu.linkonce.t.*)
 .text          0x00000028       0x5c c:/program files (x86)/cypress/psoc creator/4.2/psoc creator/import/gnu/arm/5.4.1/bin/../lib/gcc/arm-none-eabi/5.4.1/armv7-m/crtbegin.o
 .text.Tiempos  0x00000084       0x54 .\CortexM3\ARM_GCC_541\Debug\main.o
                0x00000084                Tiempos
 .text.C_Negras
                0x000000d8       0x3c .\CortexM3\ARM_GCC_541\Debug\main.o
                0x000000d8                C_Negras
 .text.C_Blancas
                0x00000114       0x34 .\CortexM3\ARM_GCC_541\Debug\main.o
                0x00000114                C_Blancas
 .text.Num_to_String
                0x00000148       0x98 .\CortexM3\ARM_GCC_541\Debug\main.o
                0x00000148                Num_to_String
 .text.Switch_Conter
                0x000001e0       0x40 .\CortexM3\ARM_GCC_541\Debug\main.o
                0x000001e0                Switch_Conter
 .text.visual_Type
                0x00000220       0x74 .\CortexM3\ARM_GCC_541\Debug\main.o
                0x00000220                visual_Type
 .text.Aceptar  0x00000294      0x10c .\CortexM3\ARM_GCC_541\Debug\main.o
                0x00000294                Aceptar
 .text.Timer    0x000003a0       0xf4 .\CortexM3\ARM_GCC_541\Debug\main.o
                0x000003a0                Timer
 .text.main     0x00000494       0x68 .\CortexM3\ARM_GCC_541\Debug\main.o
                0x00000494                main
 .text.CyClockStartupError
                0x000004fc        0x4 .\CortexM3\ARM_GCC_541\Debug\cyfitter_cfg.o
 .text.cfg_write_bytes32
                0x00000500       0x34 .\CortexM3\ARM_GCC_541\Debug\cyfitter_cfg.o
 .text.AnalogSetDefault
                0x00000534       0x28 .\CortexM3\ARM_GCC_541\Debug\cyfitter_cfg.o
 .text.CYMEMZERO
                0x0000055c        0xc .\CortexM3\ARM_GCC_541\Debug\cyfitter_cfg.o
 .text.ClockSetup
                0x00000568       0xb8 .\CortexM3\ARM_GCC_541\Debug\cyfitter_cfg.o
 .text.CYCONFIGCPY
                0x00000620        0x8 .\CortexM3\ARM_GCC_541\Debug\cyfitter_cfg.o
 .text.cyfitter_cfg
                0x00000628      0x124 .\CortexM3\ARM_GCC_541\Debug\cyfitter_cfg.o
                0x00000628                cyfitter_cfg
 .text.IntDefaultHandler
                0x0000074c       0x10 .\CortexM3\ARM_GCC_541\Debug\Cm3Start.o
                0x0000074c                IntDefaultHandler
 .text.Start_c  0x0000075c       0x4c .\CortexM3\ARM_GCC_541\Debug\Cm3Start.o
                0x0000075c                Start_c
 .text.initialize_psoc
                0x000007a8       0x68 .\CortexM3\ARM_GCC_541\Debug\Cm3Start.o
                0x000007a8                initialize_psoc
 .text.Lcd_Juego_WrCntrlNib
                0x00000810       0x34 .\CortexM3\ARM_GCC_541\Debug\Design01.a(Lcd_Juego.o)
 .text.Lcd_Juego_WrDatNib
                0x00000844       0x44 .\CortexM3\ARM_GCC_541\Debug\Design01.a(Lcd_Juego.o)
 .text.Lcd_Juego_IsReady
                0x00000888       0xe4 .\CortexM3\ARM_GCC_541\Debug\Design01.a(Lcd_Juego.o)
                0x00000888                Lcd_Juego_IsReady
 .text.Lcd_Juego_WriteData
                0x0000096c       0x18 .\CortexM3\ARM_GCC_541\Debug\Design01.a(Lcd_Juego.o)
                0x0000096c                Lcd_Juego_WriteData
 .text.Lcd_Juego_PrintString
                0x00000984       0x1c .\CortexM3\ARM_GCC_541\Debug\Design01.a(Lcd_Juego.o)
                0x00000984                Lcd_Juego_PrintString
 .text.Lcd_Juego_WriteControl
                0x000009a0       0x18 .\CortexM3\ARM_GCC_541\Debug\Design01.a(Lcd_Juego.o)
                0x000009a0                Lcd_Juego_WriteControl
 .text.Lcd_Juego_Init
                0x000009b8       0x6c .\CortexM3\ARM_GCC_541\Debug\Design01.a(Lcd_Juego.o)
                0x000009b8                Lcd_Juego_Init
 .text.Lcd_Juego_Enable
                0x00000a24       0x14 .\CortexM3\ARM_GCC_541\Debug\Design01.a(Lcd_Juego.o)
                0x00000a24                Lcd_Juego_Enable
 .text.Lcd_Juego_Start
                0x00000a38       0x1c .\CortexM3\ARM_GCC_541\Debug\Design01.a(Lcd_Juego.o)
                0x00000a38                Lcd_Juego_Start
 .text.Lcd_Juego_Position
                0x00000a54       0x3c .\CortexM3\ARM_GCC_541\Debug\Design01.a(Lcd_Juego.o)
                0x00000a54                Lcd_Juego_Position
 .text.CyDelay  0x00000a90       0x2c .\CortexM3\ARM_GCC_541\Debug\Design01.a(CyLib.o)
                0x00000a90                CyDelay
 .text.CyDelayUs
                0x00000abc       0x14 .\CortexM3\ARM_GCC_541\Debug\Design01.a(CyLib.o)
                0x00000abc                CyDelayUs
 .text.isr_Blancas_SetVector
                0x00000ad0        0xc .\CortexM3\ARM_GCC_541\Debug\Design01.a(isr_Blancas.o)
                0x00000ad0                isr_Blancas_SetVector
 .text.isr_Blancas_SetPriority
                0x00000adc       0x10 .\CortexM3\ARM_GCC_541\Debug\Design01.a(isr_Blancas.o)
                0x00000adc                isr_Blancas_SetPriority
 .text.isr_Blancas_Enable
                0x00000aec        0xc .\CortexM3\ARM_GCC_541\Debug\Design01.a(isr_Blancas.o)
                0x00000aec                isr_Blancas_Enable
 .text.isr_Blancas_Disable
                0x00000af8        0xc .\CortexM3\ARM_GCC_541\Debug\Design01.a(isr_Blancas.o)
                0x00000af8                isr_Blancas_Disable
 .text.isr_Blancas_StartEx
                0x00000b04       0x1c .\CortexM3\ARM_GCC_541\Debug\Design01.a(isr_Blancas.o)
                0x00000b04                isr_Blancas_StartEx
 .text.isr_Negras_SetVector
                0x00000b20        0xc .\CortexM3\ARM_GCC_541\Debug\Design01.a(isr_Negras.o)
                0x00000b20                isr_Negras_SetVector
 .text.isr_Negras_SetPriority
                0x00000b2c       0x10 .\CortexM3\ARM_GCC_541\Debug\Design01.a(isr_Negras.o)
                0x00000b2c                isr_Negras_SetPriority
 .text.isr_Negras_Enable
                0x00000b3c        0xc .\CortexM3\ARM_GCC_541\Debug\Design01.a(isr_Negras.o)
                0x00000b3c                isr_Negras_Enable
 .text.isr_Negras_Disable
                0x00000b48        0xc .\CortexM3\ARM_GCC_541\Debug\Design01.a(isr_Negras.o)
                0x00000b48                isr_Negras_Disable
 .text.isr_Negras_StartEx
                0x00000b54       0x1c .\CortexM3\ARM_GCC_541\Debug\Design01.a(isr_Negras.o)
                0x00000b54                isr_Negras_StartEx
 .text.Timer_1_Enable
                0x00000b70       0x28 .\CortexM3\ARM_GCC_541\Debug\Design01.a(Timer_1.o)
                0x00000b70                Timer_1_Enable
 .text.Timer_1_SetInterruptMode
                0x00000b98        0xc .\CortexM3\ARM_GCC_541\Debug\Design01.a(Timer_1.o)
                0x00000b98                Timer_1_SetInterruptMode
 .text.Timer_1_WritePeriod
                0x00000ba4        0xc .\CortexM3\ARM_GCC_541\Debug\Design01.a(Timer_1.o)
                0x00000ba4                Timer_1_WritePeriod
 .text.Timer_1_WriteCounter
                0x00000bb0        0xc .\CortexM3\ARM_GCC_541\Debug\Design01.a(Timer_1.o)
                0x00000bb0                Timer_1_WriteCounter
 .text.Timer_1_Init
                0x00000bbc       0x68 .\CortexM3\ARM_GCC_541\Debug\Design01.a(Timer_1.o)
                0x00000bbc                Timer_1_Init
 .text.Timer_1_Start
                0x00000c24       0x1c .\CortexM3\ARM_GCC_541\Debug\Design01.a(Timer_1.o)
                0x00000c24                Timer_1_Start
 .text.isr_Timer_SetVector
                0x00000c40       0x10 .\CortexM3\ARM_GCC_541\Debug\Design01.a(isr_Timer.o)
                0x00000c40                isr_Timer_SetVector
 .text.isr_Timer_SetPriority
                0x00000c50       0x10 .\CortexM3\ARM_GCC_541\Debug\Design01.a(isr_Timer.o)
                0x00000c50                isr_Timer_SetPriority
 .text.isr_Timer_Enable
                0x00000c60       0x10 .\CortexM3\ARM_GCC_541\Debug\Design01.a(isr_Timer.o)
                0x00000c60                isr_Timer_Enable
 .text.isr_Timer_Disable
                0x00000c70       0x10 .\CortexM3\ARM_GCC_541\Debug\Design01.a(isr_Timer.o)
                0x00000c70                isr_Timer_Disable
 .text.isr_Timer_StartEx
                0x00000c80       0x1c .\CortexM3\ARM_GCC_541\Debug\Design01.a(isr_Timer.o)
                0x00000c80                isr_Timer_StartEx
 .text.isr_Timer_ClearPending
                0x00000c9c       0x10 .\CortexM3\ARM_GCC_541\Debug\Design01.a(isr_Timer.o)
                0x00000c9c                isr_Timer_ClearPending
 .text.C_Blancas_Read
                0x00000cac       0x10 .\CortexM3\ARM_GCC_541\Debug\Design01.a(C_Blancas.o)
                0x00000cac                C_Blancas_Read
 .text.C_Blancas_ClearInterrupt
                0x00000cbc       0x10 .\CortexM3\ARM_GCC_541\Debug\Design01.a(C_Blancas.o)
                0x00000cbc                C_Blancas_ClearInterrupt
 .text.C_Negras_Read
                0x00000ccc       0x10 .\CortexM3\ARM_GCC_541\Debug\Design01.a(C_Negras.o)
                0x00000ccc                C_Negras_Read
 .text.C_Negras_ClearInterrupt
                0x00000cdc       0x10 .\CortexM3\ARM_GCC_541\Debug\Design01.a(C_Negras.o)
                0x00000cdc                C_Negras_ClearInterrupt
 .text.Tiempos_Read
                0x00000cec       0x10 .\CortexM3\ARM_GCC_541\Debug\Design01.a(Tiempos.o)
                0x00000cec                Tiempos_Read
 .text.Tiempos_ClearInterrupt
                0x00000cfc       0x10 .\CortexM3\ARM_GCC_541\Debug\Design01.a(Tiempos.o)
                0x00000cfc                Tiempos_ClearInterrupt
 .text.Aceptar_Read
                0x00000d0c       0x10 .\CortexM3\ARM_GCC_541\Debug\Design01.a(Aceptar.o)
                0x00000d0c                Aceptar_Read
 .text.Aceptar_ClearInterrupt
                0x00000d1c       0x10 .\CortexM3\ARM_GCC_541\Debug\Design01.a(Aceptar.o)
                0x00000d1c                Aceptar_ClearInterrupt
 .text.isr_Tiempos_SetVector
                0x00000d2c        0xc .\CortexM3\ARM_GCC_541\Debug\Design01.a(isr_Tiempos.o)
                0x00000d2c                isr_Tiempos_SetVector
 .text.isr_Tiempos_SetPriority
                0x00000d38       0x10 .\CortexM3\ARM_GCC_541\Debug\Design01.a(isr_Tiempos.o)
                0x00000d38                isr_Tiempos_SetPriority
 .text.isr_Tiempos_Enable
                0x00000d48        0xc .\CortexM3\ARM_GCC_541\Debug\Design01.a(isr_Tiempos.o)
                0x00000d48                isr_Tiempos_Enable
 .text.isr_Tiempos_Disable
                0x00000d54        0xc .\CortexM3\ARM_GCC_541\Debug\Design01.a(isr_Tiempos.o)
                0x00000d54                isr_Tiempos_Disable
 .text.isr_Tiempos_StartEx
                0x00000d60       0x1c .\CortexM3\ARM_GCC_541\Debug\Design01.a(isr_Tiempos.o)
                0x00000d60                isr_Tiempos_StartEx
 .text.isr_Aceptar_SetVector
                0x00000d7c        0xc .\CortexM3\ARM_GCC_541\Debug\Design01.a(isr_Aceptar.o)
                0x00000d7c                isr_Aceptar_SetVector
 .text.isr_Aceptar_SetPriority
                0x00000d88       0x10 .\CortexM3\ARM_GCC_541\Debug\Design01.a(isr_Aceptar.o)
                0x00000d88                isr_Aceptar_SetPriority
 .text.isr_Aceptar_Enable
                0x00000d98        0xc .\CortexM3\ARM_GCC_541\Debug\Design01.a(isr_Aceptar.o)
                0x00000d98                isr_Aceptar_Enable
 .text.isr_Aceptar_Disable
                0x00000da4        0xc .\CortexM3\ARM_GCC_541\Debug\Design01.a(isr_Aceptar.o)
                0x00000da4                isr_Aceptar_Disable
 .text.isr_Aceptar_StartEx
                0x00000db0       0x1c .\CortexM3\ARM_GCC_541\Debug\Design01.a(isr_Aceptar.o)
                0x00000db0                isr_Aceptar_StartEx
 .text.Pin_1_Write
                0x00000dcc       0x18 .\CortexM3\ARM_GCC_541\Debug\Design01.a(Pin_1.o)
                0x00000dcc                Pin_1_Write
 *fill*         0x00000de4        0x4 
 .text          0x00000de8       0x20 .\CortexM3\ARM_GCC_541\Debug\Design01.a(CyBootAsmGnu.o)
                0x00000de8                CyDelayCycles
                0x00000df8                CyEnterCriticalSection
                0x00000e00                CyExitCriticalSection
 .text.__errno  0x00000e08        0xc c:/program files (x86)/cypress/psoc creator/4.2/psoc creator/import/gnu/arm/5.4.1/bin/../lib/gcc/arm-none-eabi/5.4.1/../../../../arm-none-eabi/lib/armv7-m\libg_nano.a(lib_a-errno.o)
                0x00000e08                __errno
 .text.__libc_init_array
                0x00000e14       0x4c c:/program files (x86)/cypress/psoc creator/4.2/psoc creator/import/gnu/arm/5.4.1/bin/../lib/gcc/arm-none-eabi/5.4.1/../../../../arm-none-eabi/lib/armv7-m\libg_nano.a(lib_a-init.o)
                0x00000e14                __libc_init_array
 .text.memcpy   0x00000e60       0x16 c:/program files (x86)/cypress/psoc creator/4.2/psoc creator/import/gnu/arm/5.4.1/bin/../lib/gcc/arm-none-eabi/5.4.1/../../../../arm-none-eabi/lib/armv7-m\libg_nano.a(lib_a-memcpy-stub.o)
                0x00000e60                memcpy
 .text.memset   0x00000e76       0x10 c:/program files (x86)/cypress/psoc creator/4.2/psoc creator/import/gnu/arm/5.4.1/bin/../lib/gcc/arm-none-eabi/5.4.1/../../../../arm-none-eabi/lib/armv7-m\libg_nano.a(lib_a-memset.o)
                0x00000e76                memset
 .text.strcpy   0x00000e86       0x10 c:/program files (x86)/cypress/psoc creator/4.2/psoc creator/import/gnu/arm/5.4.1/bin/../lib/gcc/arm-none-eabi/5.4.1/../../../../arm-none-eabi/lib/armv7-m\libg_nano.a(lib_a-strcpy.o)
                0x00000e86                strcpy
 *(.plt)
 *(.gnu.warning)
 *(.glue_7t)
 .glue_7t       0x00000e96        0x0 linker stubs
 *(.glue_7)
 .glue_7        0x00000e96        0x0 linker stubs
 *(.vfp11_veneer)
 .vfp11_veneer  0x00000e96        0x0 linker stubs
 *(.bootloader)
 *(.ARM.extab* .gnu.linkonce.armextab.*)
 *(.gcc_except_table)

.v4_bx          0x00000e98        0x0
 .v4_bx         0x00000e98        0x0 linker stubs

.iplt           0x00000e98        0x0
 .iplt          0x00000e98        0x0 c:/program files (x86)/cypress/psoc creator/4.2/psoc creator/import/gnu/arm/5.4.1/bin/../lib/gcc/arm-none-eabi/5.4.1/armv7-m/crtbegin.o

.eh_frame_hdr
 *(.eh_frame_hdr)

.eh_frame       0x00000e98        0x4
 *(.eh_frame)
 .eh_frame      0x00000e98        0x0 c:/program files (x86)/cypress/psoc creator/4.2/psoc creator/import/gnu/arm/5.4.1/bin/../lib/gcc/arm-none-eabi/5.4.1/armv7-m/crtbegin.o
 .eh_frame      0x00000e98        0x4 c:/program files (x86)/cypress/psoc creator/4.2/psoc creator/import/gnu/arm/5.4.1/bin/../lib/gcc/arm-none-eabi/5.4.1/armv7-m/crtend.o
                [!provide]                PROVIDE (__exidx_start, .)

.ARM.exidx
 *(.ARM.exidx* .gnu.linkonce.armexidx.*)
                0x00000e9c                __exidx_end = .

.rodata         0x00000e9c       0x74
 *(.rodata .rodata.* .gnu.linkonce.r.*)
 .rodata.str1.4
                0x00000e9c       0x14 .\CortexM3\ARM_GCC_541\Debug\main.o
 .rodata        0x00000eb0       0x2a .\CortexM3\ARM_GCC_541\Debug\cyfitter_cfg.o
 .rodata.str1.1
                0x00000eda        0x2 c:/program files (x86)/cypress/psoc creator/4.2/psoc creator/import/gnu/arm/5.4.1/bin/../lib/gcc/arm-none-eabi/5.4.1/../../../../arm-none-eabi/lib/armv7-m\libg_nano.a(lib_a-impure.o)
                0x00000edc                . = ALIGN (0x4)
 *(.init)
 .init          0x00000edc        0x4 c:/program files (x86)/cypress/psoc creator/4.2/psoc creator/import/gnu/arm/5.4.1/bin/../lib/gcc/arm-none-eabi/5.4.1/armv7-m/crti.o
                0x00000edc                _init
 .init          0x00000ee0        0x8 c:/program files (x86)/cypress/psoc creator/4.2/psoc creator/import/gnu/arm/5.4.1/bin/../lib/gcc/arm-none-eabi/5.4.1/armv7-m/crtn.o
                0x00000ee8                . = ALIGN (0x4)
                0x00000ee8                __preinit_array_start = .
 *(.preinit_array)
                0x00000ee8                __preinit_array_end = .
                0x00000ee8                . = ALIGN (0x4)
                0x00000ee8                __init_array_start = .
 *(SORT(.init_array.*))
 *(.init_array)
 .init_array    0x00000ee8        0x4 c:/program files (x86)/cypress/psoc creator/4.2/psoc creator/import/gnu/arm/5.4.1/bin/../lib/gcc/arm-none-eabi/5.4.1/armv7-m/crtbegin.o
 .init_array    0x00000eec        0x4 .\CortexM3\ARM_GCC_541\Debug\Cm3Start.o
                0x00000ef0                __init_array_end = .
                0x00000ef0                . = ALIGN (0x4)
 *(.fini)
 .fini          0x00000ef0        0x4 c:/program files (x86)/cypress/psoc creator/4.2/psoc creator/import/gnu/arm/5.4.1/bin/../lib/gcc/arm-none-eabi/5.4.1/armv7-m/crti.o
                0x00000ef0                _fini
 .fini          0x00000ef4        0x8 c:/program files (x86)/cypress/psoc creator/4.2/psoc creator/import/gnu/arm/5.4.1/bin/../lib/gcc/arm-none-eabi/5.4.1/armv7-m/crtn.o
                0x00000efc                . = ALIGN (0x4)
                0x00000efc                __fini_array_start = .
 *(.fini_array)
 .fini_array    0x00000efc        0x4 c:/program files (x86)/cypress/psoc creator/4.2/psoc creator/import/gnu/arm/5.4.1/bin/../lib/gcc/arm-none-eabi/5.4.1/armv7-m/crtbegin.o
 *(SORT(.fini_array.*))
                0x00000f00                __fini_array_end = .
                0x00000f00                . = ALIGN (0x4)
 *crtbegin.o(.ctors)
 *(EXCLUDE_FILE(*crtend.o) .ctors)
 *(SORT(.ctors.*))
 *crtend.o(.ctors)
                0x00000f00                . = ALIGN (0x4)
 *crtbegin.o(.dtors)
 *(EXCLUDE_FILE(*crtend.o) .dtors)
 *(SORT(.dtors.*))
 *crtend.o(.dtors)
                0x00000f00                . = ALIGN (0x4)
                0x00000f00                __cy_regions = .
                0x00000f00        0x4 LONG 0xf10 __cy_region_init_ram
                0x00000f04        0x4 LONG 0x1fff80c8 __cy_region_start_data
                0x00000f08        0x4 LONG 0x78 __cy_region_init_size_ram
                0x00000f0c        0x4 LONG 0x58 __cy_region_zero_size_ram
                0x00000f10                __cy_regions_end = .
                0x00000f10                . = ALIGN (0x8)
                0x00000f10                _etext = .

.cy_checksum_exclude
                0x00000f10        0x0
 *(.cy_checksum_exclude)

.ramvectors     0x1fff8000       0xc0
                0x1fff8000                __cy_region_start_ram = .
 *(.ramvectors)
 .ramvectors    0x1fff8000       0xc0 .\CortexM3\ARM_GCC_541\Debug\Cm3Start.o
                0x1fff8000                CyRamVectors

.noinit         0x1fff80c0        0x1
 *(.noinit)
 .noinit        0x1fff80c0        0x1 .\CortexM3\ARM_GCC_541\Debug\Design01.a(CyLib.o)
                0x1fff80c0                CyResetStatus

.data           0x1fff80c8       0x78 load address 0x00000f10
                0x1fff80c8                __cy_region_start_data = .
 *(.jcr)
 .jcr           0x1fff80c8        0x0 c:/program files (x86)/cypress/psoc creator/4.2/psoc creator/import/gnu/arm/5.4.1/bin/../lib/gcc/arm-none-eabi/5.4.1/armv7-m/crtbegin.o
 .jcr           0x1fff80c8        0x4 c:/program files (x86)/cypress/psoc creator/4.2/psoc creator/import/gnu/arm/5.4.1/bin/../lib/gcc/arm-none-eabi/5.4.1/armv7-m/crtend.o
 *(.got.plt)
 *(.got)
 *(.shdata)
 *(.data .data.* .gnu.linkonce.d.*)
 .data          0x1fff80cc       0x10 .\CortexM3\ARM_GCC_541\Debug\Design01.a(CyLib.o)
                0x1fff80cc                cydelay_32k_ms
                0x1fff80d0                cydelay_freq_khz
                0x1fff80d4                cydelay_freq_mhz
                0x1fff80d8                cydelay_freq_hz
 .data.impure_data
                0x1fff80dc       0x60 c:/program files (x86)/cypress/psoc creator/4.2/psoc creator/import/gnu/arm/5.4.1/bin/../lib/gcc/arm-none-eabi/5.4.1/../../../../arm-none-eabi/lib/armv7-m\libg_nano.a(lib_a-impure.o)
 .data._impure_ptr
                0x1fff813c        0x4 c:/program files (x86)/cypress/psoc creator/4.2/psoc creator/import/gnu/arm/5.4.1/bin/../lib/gcc/arm-none-eabi/5.4.1/../../../../arm-none-eabi/lib/armv7-m\libg_nano.a(lib_a-impure.o)
                0x1fff813c                _impure_ptr
                0x1fff8140                . = ALIGN (0x8)
 *(.ram)
                0x1fff8140                _edata = .

.igot.plt       0x1fff8140        0x0 load address 0x00000f88
 .igot.plt      0x1fff8140        0x0 c:/program files (x86)/cypress/psoc creator/4.2/psoc creator/import/gnu/arm/5.4.1/bin/../lib/gcc/arm-none-eabi/5.4.1/armv7-m/crtbegin.o

.bss            0x1fff8140       0x58 load address 0x00000f88
                0x1fff8140                PROVIDE (__bss_start__, .)
 *(.shbss)
 *(.bss .bss.* .gnu.linkonce.b.*)
 .bss           0x1fff8140       0x1c c:/program files (x86)/cypress/psoc creator/4.2/psoc creator/import/gnu/arm/5.4.1/bin/../lib/gcc/arm-none-eabi/5.4.1/armv7-m/crtbegin.o
 .bss           0x1fff815c       0x1c .\CortexM3\ARM_GCC_541\Debug\main.o
                0x1fff815c                count_int
                0x1fff815d                cont
                0x1fff815e                Flag_Configuracion
                0x1fff815f                cont_eventA
                0x1fff8160                Decena_M
                0x1fff8161                Unidad_M
                0x1fff8162                Decena_S
                0x1fff8163                Unidad_S
                0x1fff8164                Segundos_N
                0x1fff8166                Minutos_B
                0x1fff8168                Sref_B
                0x1fff816a                Mref_B
                0x1fff816c                Data_Value
                0x1fff8170                Data_PrintN
                0x1fff8175                Type
                0x1fff8176                r_visual
                0x1fff8177                Register1
 .bss           0x1fff8178        0x2 .\CortexM3\ARM_GCC_541\Debug\Design01.a(Lcd_Juego.o)
                0x1fff8178                Lcd_Juego_enableState
                0x1fff8179                Lcd_Juego_initVar
 .bss           0x1fff817a        0x1 .\CortexM3\ARM_GCC_541\Debug\Design01.a(Timer_1.o)
                0x1fff817a                Timer_1_initVar
 *(COMMON)
 *fill*         0x1fff817b        0x1 
 COMMON         0x1fff817c       0x16 .\CortexM3\ARM_GCC_541\Debug\main.o
                0x1fff817c                Minutos_N
                0x1fff817e                data_s
                0x1fff8180                Sref_N
                0x1fff8182                datay
                0x1fff8184                Mref_N
                0x1fff8188                Concat1
                0x1fff8189                segmento_7
                0x1fff818a                Segundos_B
                0x1fff818c                Concat5
                0x1fff8191                enter
                0x1fff8198                . = ALIGN (0x8)
 *fill*         0x1fff8192        0x6 
 *(.ram.b)
                0x1fff8198                _end = .
                0x1fff8198                __end = .
                0x1fff8198                PROVIDE (end, .)
                0x1fff8198                PROVIDE (__bss_end__, .)
                0x00000f10                __cy_region_init_ram = LOADADDR (.data)
                0x00000078                __cy_region_init_size_ram = (_edata - ADDR (.data))
                0x00000058                __cy_region_zero_size_ram = (_end - _edata)

.heap           0x1fff8198       0x80 load address 0x00000f88
                0x1fff8198                . = _end
                0x1fff8218                . = (. + 0x80)
 *fill*         0x1fff8198       0x80 
                0x1fff8218                __cy_heap_limit = .

.stack          0x20007800      0x800
                0x20007800                __cy_stack_limit = .
                0x20008000                . = (. + 0x800)
 *fill*         0x20007800      0x800 
                0x00000001                ASSERT ((__cy_stack_limit >= __cy_heap_limit), region RAM overflowed with stack)
                0x00000000                cy_checksum_exclude_size = (CY_APPL_LOADABLE == 0x1)?SIZEOF (.cy_checksum_exclude):0x0
                0x00000001                ASSERT ((cy_checksum_exclude_size <= CY_CHECKSUM_EXCLUDE_SIZE), CY_BOOT: Section .cy_checksum_exclude size exceedes specified limit.)

.cyloadermeta
 *(.cyloadermeta)

.cyloadablemeta
 *(.cyloadablemeta)

.cyconfigecc    0x80000000       0x98
 *(.cyconfigecc)
 .cyconfigecc   0x80000000       0x98 .\CortexM3\ARM_GCC_541\Debug\cymetadata.o
                0x80000000                cy_meta_configecc

.cycustnvl      0x90000000        0x4
 *(.cycustnvl)
 .cycustnvl     0x90000000        0x4 .\CortexM3\ARM_GCC_541\Debug\cymetadata.o
                0x90000000                cy_meta_custnvl

.cywolatch      0x90100000        0x4
 *(.cywolatch)
 .cywolatch     0x90100000        0x4 .\CortexM3\ARM_GCC_541\Debug\cymetadata.o
                0x90100000                cy_meta_wonvl

.cyeeprom       0x90200000        0x0
 *(.cyeeprom)
                0x00000001                ASSERT ((. <= ((0x90200000 + ee_offset) + ee_size)), .cyeeprom data will not fit in EEPROM)

.cyflashprotect
                0x90400000      0x100
 *(.cyflashprotect)
 .cyflashprotect
                0x90400000      0x100 .\CortexM3\ARM_GCC_541\Debug\cymetadata.o
                0x90400000                cy_meta_flashprotect

.cymeta         0x90500000        0xc
 *(.cymeta)
 .cymeta        0x90500000        0xc .\CortexM3\ARM_GCC_541\Debug\cymetadata.o
                0x90500000                cy_metadata

.rel.dyn        0x00000f88        0x0 load address 0x9050000c
 .rel.iplt      0x00000f88        0x0 c:/program files (x86)/cypress/psoc creator/4.2/psoc creator/import/gnu/arm/5.4.1/bin/../lib/gcc/arm-none-eabi/5.4.1/armv7-m/crtbegin.o

.stab
 *(.stab)

.stabstr
 *(.stabstr)

.debug
 *(.debug)

.line
 *(.line)

.debug_srcinfo
 *(.debug_srcinfo)

.debug_sfnames
 *(.debug_sfnames)

.debug_aranges  0x00000000      0xa70
 *(.debug_aranges)
 .debug_aranges
                0x00000000       0x60 .\CortexM3\ARM_GCC_541\Debug\main.o
 .debug_aranges
                0x00000060       0x58 .\CortexM3\ARM_GCC_541\Debug\cyfitter_cfg.o
 .debug_aranges
                0x000000b8       0x18 .\CortexM3\ARM_GCC_541\Debug\cymetadata.o
 .debug_aranges
                0x000000d0       0x48 .\CortexM3\ARM_GCC_541\Debug\Cm3Start.o
 .debug_aranges
                0x00000118       0x98 .\CortexM3\ARM_GCC_541\Debug\Design01.a(Lcd_Juego.o)
 .debug_aranges
                0x000001b0      0x2a0 .\CortexM3\ARM_GCC_541\Debug\Design01.a(CyLib.o)
 .debug_aranges
                0x00000450       0x98 .\CortexM3\ARM_GCC_541\Debug\Design01.a(cyPm.o)
 .debug_aranges
                0x000004e8       0x80 .\CortexM3\ARM_GCC_541\Debug\Design01.a(isr_Blancas.o)
 .debug_aranges
                0x00000568       0x80 .\CortexM3\ARM_GCC_541\Debug\Design01.a(isr_Negras.o)
 .debug_aranges
                0x000005e8       0x88 .\CortexM3\ARM_GCC_541\Debug\Design01.a(Timer_1.o)
 .debug_aranges
                0x00000670       0x80 .\CortexM3\ARM_GCC_541\Debug\Design01.a(isr_Timer.o)
 .debug_aranges
                0x000006f0       0x48 .\CortexM3\ARM_GCC_541\Debug\Design01.a(C_Blancas.o)
 .debug_aranges
                0x00000738       0x48 .\CortexM3\ARM_GCC_541\Debug\Design01.a(C_Negras.o)
 .debug_aranges
                0x00000780       0x48 .\CortexM3\ARM_GCC_541\Debug\Design01.a(Tiempos.o)
 .debug_aranges
                0x000007c8       0x48 .\CortexM3\ARM_GCC_541\Debug\Design01.a(Aceptar.o)
 .debug_aranges
                0x00000810       0x80 .\CortexM3\ARM_GCC_541\Debug\Design01.a(isr_Tiempos.o)
 .debug_aranges
                0x00000890       0x80 .\CortexM3\ARM_GCC_541\Debug\Design01.a(isr_Aceptar.o)
 .debug_aranges
                0x00000910       0x38 .\CortexM3\ARM_GCC_541\Debug\Design01.a(Pin_1.o)
 .debug_aranges
                0x00000948       0x20 .\CortexM3\ARM_GCC_541\Debug\Design01.a(CyBootAsmGnu.o)
 .debug_aranges
                0x00000968       0x88 .\CortexM3\ARM_GCC_541\Debug\Design01.a(CyFlash.o)
 .debug_aranges
                0x000009f0       0x80 .\CortexM3\ARM_GCC_541\Debug\Design01.a(CySpc.o)

.debug_pubnames
 *(.debug_pubnames)

.debug_info     0x00000000     0x5b5c
 *(.debug_info .gnu.linkonce.wi.*)
 .debug_info    0x00000000      0x8ac .\CortexM3\ARM_GCC_541\Debug\main.o
 .debug_info    0x000008ac      0x538 .\CortexM3\ARM_GCC_541\Debug\cyfitter_cfg.o
 .debug_info    0x00000de4      0x134 .\CortexM3\ARM_GCC_541\Debug\cymetadata.o
 .debug_info    0x00000f18      0x3bb .\CortexM3\ARM_GCC_541\Debug\Cm3Start.o
 .debug_info    0x000012d3      0x715 .\CortexM3\ARM_GCC_541\Debug\Design01.a(Lcd_Juego.o)
 .debug_info    0x000019e8     0x1374 .\CortexM3\ARM_GCC_541\Debug\Design01.a(CyLib.o)
 .debug_info    0x00002d5c      0xa2a .\CortexM3\ARM_GCC_541\Debug\Design01.a(cyPm.o)
 .debug_info    0x00003786      0x2d2 .\CortexM3\ARM_GCC_541\Debug\Design01.a(isr_Blancas.o)
 .debug_info    0x00003a58      0x2d2 .\CortexM3\ARM_GCC_541\Debug\Design01.a(isr_Negras.o)
 .debug_info    0x00003d2a      0x295 .\CortexM3\ARM_GCC_541\Debug\Design01.a(Timer_1.o)
 .debug_info    0x00003fbf      0x2d2 .\CortexM3\ARM_GCC_541\Debug\Design01.a(isr_Timer.o)
 .debug_info    0x00004291      0x174 .\CortexM3\ARM_GCC_541\Debug\Design01.a(C_Blancas.o)
 .debug_info    0x00004405      0x172 .\CortexM3\ARM_GCC_541\Debug\Design01.a(C_Negras.o)
 .debug_info    0x00004577      0x172 .\CortexM3\ARM_GCC_541\Debug\Design01.a(Tiempos.o)
 .debug_info    0x000046e9      0x174 .\CortexM3\ARM_GCC_541\Debug\Design01.a(Aceptar.o)
 .debug_info    0x0000485d      0x2d2 .\CortexM3\ARM_GCC_541\Debug\Design01.a(isr_Tiempos.o)
 .debug_info    0x00004b2f      0x2d2 .\CortexM3\ARM_GCC_541\Debug\Design01.a(isr_Aceptar.o)
 .debug_info    0x00004e01      0x11f .\CortexM3\ARM_GCC_541\Debug\Design01.a(Pin_1.o)
 .debug_info    0x00004f20       0x9f .\CortexM3\ARM_GCC_541\Debug\Design01.a(CyBootAsmGnu.o)
 .debug_info    0x00004fbf      0x64d .\CortexM3\ARM_GCC_541\Debug\Design01.a(CyFlash.o)
 .debug_info    0x0000560c      0x550 .\CortexM3\ARM_GCC_541\Debug\Design01.a(CySpc.o)

.debug_abbrev   0x00000000     0x1979
 *(.debug_abbrev)
 .debug_abbrev  0x00000000      0x14a .\CortexM3\ARM_GCC_541\Debug\main.o
 .debug_abbrev  0x0000014a      0x1fe .\CortexM3\ARM_GCC_541\Debug\cyfitter_cfg.o
 .debug_abbrev  0x00000348       0x5d .\CortexM3\ARM_GCC_541\Debug\cymetadata.o
 .debug_abbrev  0x000003a5      0x1e8 .\CortexM3\ARM_GCC_541\Debug\Cm3Start.o
 .debug_abbrev  0x0000058d      0x157 .\CortexM3\ARM_GCC_541\Debug\Design01.a(Lcd_Juego.o)
 .debug_abbrev  0x000006e4      0x254 .\CortexM3\ARM_GCC_541\Debug\Design01.a(CyLib.o)
 .debug_abbrev  0x00000938      0x1ab .\CortexM3\ARM_GCC_541\Debug\Design01.a(cyPm.o)
 .debug_abbrev  0x00000ae3      0x173 .\CortexM3\ARM_GCC_541\Debug\Design01.a(isr_Blancas.o)
 .debug_abbrev  0x00000c56      0x173 .\CortexM3\ARM_GCC_541\Debug\Design01.a(isr_Negras.o)
 .debug_abbrev  0x00000dc9      0x11a .\CortexM3\ARM_GCC_541\Debug\Design01.a(Timer_1.o)
 .debug_abbrev  0x00000ee3      0x173 .\CortexM3\ARM_GCC_541\Debug\Design01.a(isr_Timer.o)
 .debug_abbrev  0x00001056       0x90 .\CortexM3\ARM_GCC_541\Debug\Design01.a(C_Blancas.o)
 .debug_abbrev  0x000010e6       0x9f .\CortexM3\ARM_GCC_541\Debug\Design01.a(C_Negras.o)
 .debug_abbrev  0x00001185       0x9f .\CortexM3\ARM_GCC_541\Debug\Design01.a(Tiempos.o)
 .debug_abbrev  0x00001224       0x90 .\CortexM3\ARM_GCC_541\Debug\Design01.a(Aceptar.o)
 .debug_abbrev  0x000012b4      0x173 .\CortexM3\ARM_GCC_541\Debug\Design01.a(isr_Tiempos.o)
 .debug_abbrev  0x00001427      0x173 .\CortexM3\ARM_GCC_541\Debug\Design01.a(isr_Aceptar.o)
 .debug_abbrev  0x0000159a       0x90 .\CortexM3\ARM_GCC_541\Debug\Design01.a(Pin_1.o)
 .debug_abbrev  0x0000162a       0x14 .\CortexM3\ARM_GCC_541\Debug\Design01.a(CyBootAsmGnu.o)
 .debug_abbrev  0x0000163e      0x1a7 .\CortexM3\ARM_GCC_541\Debug\Design01.a(CyFlash.o)
 .debug_abbrev  0x000017e5      0x194 .\CortexM3\ARM_GCC_541\Debug\Design01.a(CySpc.o)

.debug_line     0x00000000     0x263e
 *(.debug_line)
 .debug_line    0x00000000      0x3d1 .\CortexM3\ARM_GCC_541\Debug\main.o
 .debug_line    0x000003d1      0x1da .\CortexM3\ARM_GCC_541\Debug\cyfitter_cfg.o
 .debug_line    0x000005ab      0x141 .\CortexM3\ARM_GCC_541\Debug\cymetadata.o
 .debug_line    0x000006ec      0x234 .\CortexM3\ARM_GCC_541\Debug\Cm3Start.o
 .debug_line    0x00000920      0x1e2 .\CortexM3\ARM_GCC_541\Debug\Design01.a(Lcd_Juego.o)
 .debug_line    0x00000b02      0x816 .\CortexM3\ARM_GCC_541\Debug\Design01.a(CyLib.o)
 .debug_line    0x00001318      0x367 .\CortexM3\ARM_GCC_541\Debug\Design01.a(cyPm.o)
 .debug_line    0x0000167f      0x138 .\CortexM3\ARM_GCC_541\Debug\Design01.a(isr_Blancas.o)
 .debug_line    0x000017b7      0x137 .\CortexM3\ARM_GCC_541\Debug\Design01.a(isr_Negras.o)
 .debug_line    0x000018ee      0x155 .\CortexM3\ARM_GCC_541\Debug\Design01.a(Timer_1.o)
 .debug_line    0x00001a43      0x136 .\CortexM3\ARM_GCC_541\Debug\Design01.a(isr_Timer.o)
 .debug_line    0x00001b79       0xba .\CortexM3\ARM_GCC_541\Debug\Design01.a(C_Blancas.o)
 .debug_line    0x00001c33       0xb9 .\CortexM3\ARM_GCC_541\Debug\Design01.a(C_Negras.o)
 .debug_line    0x00001cec       0xb8 .\CortexM3\ARM_GCC_541\Debug\Design01.a(Tiempos.o)
 .debug_line    0x00001da4       0xb8 .\CortexM3\ARM_GCC_541\Debug\Design01.a(Aceptar.o)
 .debug_line    0x00001e5c      0x138 .\CortexM3\ARM_GCC_541\Debug\Design01.a(isr_Tiempos.o)
 .debug_line    0x00001f94      0x138 .\CortexM3\ARM_GCC_541\Debug\Design01.a(isr_Aceptar.o)
 .debug_line    0x000020cc       0x92 .\CortexM3\ARM_GCC_541\Debug\Design01.a(Pin_1.o)
 .debug_line    0x0000215e       0x66 .\CortexM3\ARM_GCC_541\Debug\Design01.a(CyBootAsmGnu.o)
 .debug_line    0x000021c4      0x21a .\CortexM3\ARM_GCC_541\Debug\Design01.a(CyFlash.o)
 .debug_line    0x000023de      0x260 .\CortexM3\ARM_GCC_541\Debug\Design01.a(CySpc.o)

.debug_frame    0x00000000     0x19dc
 *(.debug_frame)
 .debug_frame   0x00000000      0x10c .\CortexM3\ARM_GCC_541\Debug\main.o
 .debug_frame   0x0000010c       0xe4 .\CortexM3\ARM_GCC_541\Debug\cyfitter_cfg.o
 .debug_frame   0x000001f0       0xb8 .\CortexM3\ARM_GCC_541\Debug\Cm3Start.o
 .debug_frame   0x000002a8      0x1e8 .\CortexM3\ARM_GCC_541\Debug\Design01.a(Lcd_Juego.o)
 .debug_frame   0x00000490      0x738 .\CortexM3\ARM_GCC_541\Debug\Design01.a(CyLib.o)
 .debug_frame   0x00000bc8      0x1f8 .\CortexM3\ARM_GCC_541\Debug\Design01.a(cyPm.o)
 .debug_frame   0x00000dc0      0x104 .\CortexM3\ARM_GCC_541\Debug\Design01.a(isr_Blancas.o)
 .debug_frame   0x00000ec4      0x104 .\CortexM3\ARM_GCC_541\Debug\Design01.a(isr_Negras.o)
 .debug_frame   0x00000fc8      0x108 .\CortexM3\ARM_GCC_541\Debug\Design01.a(Timer_1.o)
 .debug_frame   0x000010d0      0x104 .\CortexM3\ARM_GCC_541\Debug\Design01.a(isr_Timer.o)
 .debug_frame   0x000011d4       0x70 .\CortexM3\ARM_GCC_541\Debug\Design01.a(C_Blancas.o)
 .debug_frame   0x00001244       0x70 .\CortexM3\ARM_GCC_541\Debug\Design01.a(C_Negras.o)
 .debug_frame   0x000012b4       0x70 .\CortexM3\ARM_GCC_541\Debug\Design01.a(Tiempos.o)
 .debug_frame   0x00001324       0x70 .\CortexM3\ARM_GCC_541\Debug\Design01.a(Aceptar.o)
 .debug_frame   0x00001394      0x104 .\CortexM3\ARM_GCC_541\Debug\Design01.a(isr_Tiempos.o)
 .debug_frame   0x00001498      0x104 .\CortexM3\ARM_GCC_541\Debug\Design01.a(isr_Aceptar.o)
 .debug_frame   0x0000159c       0x50 .\CortexM3\ARM_GCC_541\Debug\Design01.a(Pin_1.o)
 .debug_frame   0x000015ec      0x194 .\CortexM3\ARM_GCC_541\Debug\Design01.a(CyFlash.o)
 .debug_frame   0x00001780      0x180 .\CortexM3\ARM_GCC_541\Debug\Design01.a(CySpc.o)
 .debug_frame   0x00001900       0x20 c:/program files (x86)/cypress/psoc creator/4.2/psoc creator/import/gnu/arm/5.4.1/bin/../lib/gcc/arm-none-eabi/5.4.1/../../../../arm-none-eabi/lib/armv7-m\libg_nano.a(lib_a-errno.o)
 .debug_frame   0x00001920       0x28 c:/program files (x86)/cypress/psoc creator/4.2/psoc creator/import/gnu/arm/5.4.1/bin/../lib/gcc/arm-none-eabi/5.4.1/../../../../arm-none-eabi/lib/armv7-m\libg_nano.a(lib_a-exit.o)
 .debug_frame   0x00001948       0x2c c:/program files (x86)/cypress/psoc creator/4.2/psoc creator/import/gnu/arm/5.4.1/bin/../lib/gcc/arm-none-eabi/5.4.1/../../../../arm-none-eabi/lib/armv7-m\libg_nano.a(lib_a-init.o)
 .debug_frame   0x00001974       0x28 c:/program files (x86)/cypress/psoc creator/4.2/psoc creator/import/gnu/arm/5.4.1/bin/../lib/gcc/arm-none-eabi/5.4.1/../../../../arm-none-eabi/lib/armv7-m\libg_nano.a(lib_a-memcpy-stub.o)
 .debug_frame   0x0000199c       0x20 c:/program files (x86)/cypress/psoc creator/4.2/psoc creator/import/gnu/arm/5.4.1/bin/../lib/gcc/arm-none-eabi/5.4.1/../../../../arm-none-eabi/lib/armv7-m\libg_nano.a(lib_a-memset.o)
 .debug_frame   0x000019bc       0x20 c:/program files (x86)/cypress/psoc creator/4.2/psoc creator/import/gnu/arm/5.4.1/bin/../lib/gcc/arm-none-eabi/5.4.1/../../../../arm-none-eabi/lib/armv7-m\libg_nano.a(lib_a-strcpy.o)

.debug_str      0x00000000     0x208c
 *(.debug_str)
 .debug_str     0x00000000      0x46c .\CortexM3\ARM_GCC_541\Debug\main.o
                                0x4b9 (size before relaxing)
 .debug_str     0x0000046c      0x17a .\CortexM3\ARM_GCC_541\Debug\cyfitter_cfg.o
                                0x31e (size before relaxing)
 .debug_str     0x000005e6       0x7f .\CortexM3\ARM_GCC_541\Debug\cymetadata.o
                                0x1f3 (size before relaxing)
 .debug_str     0x00000665      0x144 .\CortexM3\ARM_GCC_541\Debug\Cm3Start.o
                                0x319 (size before relaxing)
 .debug_str     0x000007a9      0x1ba .\CortexM3\ARM_GCC_541\Debug\Design01.a(Lcd_Juego.o)
                                0x3b2 (size before relaxing)
 .debug_str     0x00000963      0x833 .\CortexM3\ARM_GCC_541\Debug\Design01.a(CyLib.o)
                                0xa56 (size before relaxing)
 .debug_str     0x00001196      0x365 .\CortexM3\ARM_GCC_541\Debug\Design01.a(cyPm.o)
                                0x742 (size before relaxing)
 .debug_str     0x000014fb      0x126 .\CortexM3\ARM_GCC_541\Debug\Design01.a(isr_Blancas.o)
                                0x309 (size before relaxing)
 .debug_str     0x00001621      0x119 .\CortexM3\ARM_GCC_541\Debug\Design01.a(isr_Negras.o)
                                0x2fb (size before relaxing)
 .debug_str     0x0000173a      0x174 .\CortexM3\ARM_GCC_541\Debug\Design01.a(Timer_1.o)
                                0x324 (size before relaxing)
 .debug_str     0x000018ae       0xf5 .\CortexM3\ARM_GCC_541\Debug\Design01.a(isr_Timer.o)
                                0x2ed (size before relaxing)
 .debug_str     0x000019a3       0x8f .\CortexM3\ARM_GCC_541\Debug\Design01.a(C_Blancas.o)
                                0x249 (size before relaxing)
 .debug_str     0x00001a32       0x76 .\CortexM3\ARM_GCC_541\Debug\Design01.a(C_Negras.o)
                                0x242 (size before relaxing)
 .debug_str     0x00001aa8       0x71 .\CortexM3\ARM_GCC_541\Debug\Design01.a(Tiempos.o)
                                0x23b (size before relaxing)
 .debug_str     0x00001b19       0x71 .\CortexM3\ARM_GCC_541\Debug\Design01.a(Aceptar.o)
                                0x23b (size before relaxing)
 .debug_str     0x00001b8a      0x126 .\CortexM3\ARM_GCC_541\Debug\Design01.a(isr_Tiempos.o)
                                0x309 (size before relaxing)
 .debug_str     0x00001cb0      0x126 .\CortexM3\ARM_GCC_541\Debug\Design01.a(isr_Aceptar.o)
                                0x309 (size before relaxing)
 .debug_str     0x00001dd6       0x4f .\CortexM3\ARM_GCC_541\Debug\Design01.a(Pin_1.o)
                                0x1f1 (size before relaxing)
 .debug_str     0x00001e25      0x1bb .\CortexM3\ARM_GCC_541\Debug\Design01.a(CyFlash.o)
                                0x3cf (size before relaxing)
 .debug_str     0x00001fe0       0xac .\CortexM3\ARM_GCC_541\Debug\Design01.a(CySpc.o)
                                0x347 (size before relaxing)

.debug_loc      0x00000000     0x2308
 *(.debug_loc)
 .debug_loc     0x00000000      0x1bd .\CortexM3\ARM_GCC_541\Debug\main.o
 .debug_loc     0x000001bd      0x1d7 .\CortexM3\ARM_GCC_541\Debug\cyfitter_cfg.o
 .debug_loc     0x00000394      0x144 .\CortexM3\ARM_GCC_541\Debug\Cm3Start.o
 .debug_loc     0x000004d8      0x3c6 .\CortexM3\ARM_GCC_541\Debug\Design01.a(Lcd_Juego.o)
 .debug_loc     0x0000089e      0xa11 .\CortexM3\ARM_GCC_541\Debug\Design01.a(CyLib.o)
 .debug_loc     0x000012af      0x1e4 .\CortexM3\ARM_GCC_541\Debug\Design01.a(cyPm.o)
 .debug_loc     0x00001493       0x56 .\CortexM3\ARM_GCC_541\Debug\Design01.a(isr_Blancas.o)
 .debug_loc     0x000014e9       0x56 .\CortexM3\ARM_GCC_541\Debug\Design01.a(isr_Negras.o)
 .debug_loc     0x0000153f       0x56 .\CortexM3\ARM_GCC_541\Debug\Design01.a(isr_Timer.o)
 .debug_loc     0x00001595       0x84 .\CortexM3\ARM_GCC_541\Debug\Design01.a(C_Blancas.o)
 .debug_loc     0x00001619       0x63 .\CortexM3\ARM_GCC_541\Debug\Design01.a(C_Negras.o)
 .debug_loc     0x0000167c       0x63 .\CortexM3\ARM_GCC_541\Debug\Design01.a(Tiempos.o)
 .debug_loc     0x000016df       0x84 .\CortexM3\ARM_GCC_541\Debug\Design01.a(Aceptar.o)
 .debug_loc     0x00001763       0x56 .\CortexM3\ARM_GCC_541\Debug\Design01.a(isr_Tiempos.o)
 .debug_loc     0x000017b9       0x56 .\CortexM3\ARM_GCC_541\Debug\Design01.a(isr_Aceptar.o)
 .debug_loc     0x0000180f       0x42 .\CortexM3\ARM_GCC_541\Debug\Design01.a(Pin_1.o)
 .debug_loc     0x00001851      0x3b2 .\CortexM3\ARM_GCC_541\Debug\Design01.a(CyFlash.o)
 .debug_loc     0x00001c03      0x705 .\CortexM3\ARM_GCC_541\Debug\Design01.a(CySpc.o)

.debug_macinfo
 *(.debug_macinfo)

.debug_ranges   0x00000000      0x908
 *(.debug_ranges)
 .debug_ranges  0x00000000       0x50 .\CortexM3\ARM_GCC_541\Debug\main.o
 .debug_ranges  0x00000050       0x48 .\CortexM3\ARM_GCC_541\Debug\cyfitter_cfg.o
 .debug_ranges  0x00000098       0x38 .\CortexM3\ARM_GCC_541\Debug\Cm3Start.o
 .debug_ranges  0x000000d0       0x88 .\CortexM3\ARM_GCC_541\Debug\Design01.a(Lcd_Juego.o)
 .debug_ranges  0x00000158      0x290 .\CortexM3\ARM_GCC_541\Debug\Design01.a(CyLib.o)
 .debug_ranges  0x000003e8       0x88 .\CortexM3\ARM_GCC_541\Debug\Design01.a(cyPm.o)
 .debug_ranges  0x00000470       0x70 .\CortexM3\ARM_GCC_541\Debug\Design01.a(isr_Blancas.o)
 .debug_ranges  0x000004e0       0x70 .\CortexM3\ARM_GCC_541\Debug\Design01.a(isr_Negras.o)
 .debug_ranges  0x00000550       0x78 .\CortexM3\ARM_GCC_541\Debug\Design01.a(Timer_1.o)
 .debug_ranges  0x000005c8       0x70 .\CortexM3\ARM_GCC_541\Debug\Design01.a(isr_Timer.o)
 .debug_ranges  0x00000638       0x38 .\CortexM3\ARM_GCC_541\Debug\Design01.a(C_Blancas.o)
 .debug_ranges  0x00000670       0x38 .\CortexM3\ARM_GCC_541\Debug\Design01.a(C_Negras.o)
 .debug_ranges  0x000006a8       0x38 .\CortexM3\ARM_GCC_541\Debug\Design01.a(Tiempos.o)
 .debug_ranges  0x000006e0       0x38 .\CortexM3\ARM_GCC_541\Debug\Design01.a(Aceptar.o)
 .debug_ranges  0x00000718       0x70 .\CortexM3\ARM_GCC_541\Debug\Design01.a(isr_Tiempos.o)
 .debug_ranges  0x00000788       0x70 .\CortexM3\ARM_GCC_541\Debug\Design01.a(isr_Aceptar.o)
 .debug_ranges  0x000007f8       0x28 .\CortexM3\ARM_GCC_541\Debug\Design01.a(Pin_1.o)
 .debug_ranges  0x00000820       0x78 .\CortexM3\ARM_GCC_541\Debug\Design01.a(CyFlash.o)
 .debug_ranges  0x00000898       0x70 .\CortexM3\ARM_GCC_541\Debug\Design01.a(CySpc.o)

.comment        0x00000000       0x6e
 .comment       0x00000000       0x6e .\CortexM3\ARM_GCC_541\Debug\main.o
                                 0x6f (size before relaxing)
 .comment       0x0000006e       0x6f .\CortexM3\ARM_GCC_541\Debug\cyfitter_cfg.o
 .comment       0x0000006e       0x6f .\CortexM3\ARM_GCC_541\Debug\cymetadata.o
 .comment       0x0000006e       0x6f .\CortexM3\ARM_GCC_541\Debug\Cm3Start.o
 .comment       0x0000006e       0x6f .\CortexM3\ARM_GCC_541\Debug\Design01.a(Lcd_Juego.o)
 .comment       0x0000006e       0x6f .\CortexM3\ARM_GCC_541\Debug\Design01.a(CyLib.o)
 .comment       0x0000006e       0x6f .\CortexM3\ARM_GCC_541\Debug\Design01.a(cyPm.o)
 .comment       0x0000006e       0x6f .\CortexM3\ARM_GCC_541\Debug\Design01.a(isr_Blancas.o)
 .comment       0x0000006e       0x6f .\CortexM3\ARM_GCC_541\Debug\Design01.a(isr_Negras.o)
 .comment       0x0000006e       0x6f .\CortexM3\ARM_GCC_541\Debug\Design01.a(Timer_1.o)
 .comment       0x0000006e       0x6f .\CortexM3\ARM_GCC_541\Debug\Design01.a(isr_Timer.o)
 .comment       0x0000006e       0x6f .\CortexM3\ARM_GCC_541\Debug\Design01.a(C_Blancas.o)
 .comment       0x0000006e       0x6f .\CortexM3\ARM_GCC_541\Debug\Design01.a(C_Negras.o)
 .comment       0x0000006e       0x6f .\CortexM3\ARM_GCC_541\Debug\Design01.a(Tiempos.o)
 .comment       0x0000006e       0x6f .\CortexM3\ARM_GCC_541\Debug\Design01.a(Aceptar.o)
 .comment       0x0000006e       0x6f .\CortexM3\ARM_GCC_541\Debug\Design01.a(isr_Tiempos.o)
 .comment       0x0000006e       0x6f .\CortexM3\ARM_GCC_541\Debug\Design01.a(isr_Aceptar.o)
 .comment       0x0000006e       0x6f .\CortexM3\ARM_GCC_541\Debug\Design01.a(Pin_1.o)
 .comment       0x0000006e       0x6f .\CortexM3\ARM_GCC_541\Debug\Design01.a(CyFlash.o)
 .comment       0x0000006e       0x6f .\CortexM3\ARM_GCC_541\Debug\Design01.a(CySpc.o)

.debug_weaknames
 *(.debug_weaknames)

.debug_funcnames
 *(.debug_funcnames)

.debug_typenames
 *(.debug_typenames)

.debug_varnames
 *(.debug_varnames)

.note.gnu.arm.ident
 *(.note.gnu.arm.ident)

.ARM.attributes
                0x00000000       0x29
 *(.ARM.attributes)
 .ARM.attributes
                0x00000000       0x1d c:/program files (x86)/cypress/psoc creator/4.2/psoc creator/import/gnu/arm/5.4.1/bin/../lib/gcc/arm-none-eabi/5.4.1/armv7-m/crti.o
 .ARM.attributes
                0x0000001d       0x2d c:/program files (x86)/cypress/psoc creator/4.2/psoc creator/import/gnu/arm/5.4.1/bin/../lib/gcc/arm-none-eabi/5.4.1/armv7-m/crtbegin.o
 .ARM.attributes
                0x0000004a       0x1b c:/program files (x86)/cypress/psoc creator/4.2/psoc creator/import/gnu/arm/5.4.1/bin/../lib/gcc/arm-none-eabi/5.4.1/../../../../arm-none-eabi/lib/armv7-m/crt0.o
 .ARM.attributes
                0x00000065       0x33 .\CortexM3\ARM_GCC_541\Debug\main.o
 .ARM.attributes
                0x00000098       0x33 .\CortexM3\ARM_GCC_541\Debug\cyfitter_cfg.o
 .ARM.attributes
                0x000000cb       0x33 .\CortexM3\ARM_GCC_541\Debug\cymetadata.o
 .ARM.attributes
                0x000000fe       0x33 .\CortexM3\ARM_GCC_541\Debug\Cm3Start.o
 .ARM.attributes
                0x00000131       0x33 .\CortexM3\ARM_GCC_541\Debug\Design01.a(Lcd_Juego.o)
 .ARM.attributes
                0x00000164       0x33 .\CortexM3\ARM_GCC_541\Debug\Design01.a(CyLib.o)
 .ARM.attributes
                0x00000197       0x33 .\CortexM3\ARM_GCC_541\Debug\Design01.a(cyPm.o)
 .ARM.attributes
                0x000001ca       0x33 .\CortexM3\ARM_GCC_541\Debug\Design01.a(isr_Blancas.o)
 .ARM.attributes
                0x000001fd       0x33 .\CortexM3\ARM_GCC_541\Debug\Design01.a(isr_Negras.o)
 .ARM.attributes
                0x00000230       0x33 .\CortexM3\ARM_GCC_541\Debug\Design01.a(Timer_1.o)
 .ARM.attributes
                0x00000263       0x33 .\CortexM3\ARM_GCC_541\Debug\Design01.a(isr_Timer.o)
 .ARM.attributes
                0x00000296       0x33 .\CortexM3\ARM_GCC_541\Debug\Design01.a(C_Blancas.o)
 .ARM.attributes
                0x000002c9       0x33 .\CortexM3\ARM_GCC_541\Debug\Design01.a(C_Negras.o)
 .ARM.attributes
                0x000002fc       0x33 .\CortexM3\ARM_GCC_541\Debug\Design01.a(Tiempos.o)
 .ARM.attributes
                0x0000032f       0x33 .\CortexM3\ARM_GCC_541\Debug\Design01.a(Aceptar.o)
 .ARM.attributes
                0x00000362       0x33 .\CortexM3\ARM_GCC_541\Debug\Design01.a(isr_Tiempos.o)
 .ARM.attributes
                0x00000395       0x33 .\CortexM3\ARM_GCC_541\Debug\Design01.a(isr_Aceptar.o)
 .ARM.attributes
                0x000003c8       0x33 .\CortexM3\ARM_GCC_541\Debug\Design01.a(Pin_1.o)
 .ARM.attributes
                0x000003fb       0x21 .\CortexM3\ARM_GCC_541\Debug\Design01.a(CyBootAsmGnu.o)
 .ARM.attributes
                0x0000041c       0x33 .\CortexM3\ARM_GCC_541\Debug\Design01.a(CyFlash.o)
 .ARM.attributes
                0x0000044f       0x33 .\CortexM3\ARM_GCC_541\Debug\Design01.a(CySpc.o)
 .ARM.attributes
                0x00000482       0x2d c:/program files (x86)/cypress/psoc creator/4.2/psoc creator/import/gnu/arm/5.4.1/bin/../lib/gcc/arm-none-eabi/5.4.1/../../../../arm-none-eabi/lib/armv7-m\libg_nano.a(lib_a-errno.o)
 .ARM.attributes
                0x000004af       0x2d c:/program files (x86)/cypress/psoc creator/4.2/psoc creator/import/gnu/arm/5.4.1/bin/../lib/gcc/arm-none-eabi/5.4.1/../../../../arm-none-eabi/lib/armv7-m\libg_nano.a(lib_a-exit.o)
 .ARM.attributes
                0x000004dc       0x2d c:/program files (x86)/cypress/psoc creator/4.2/psoc creator/import/gnu/arm/5.4.1/bin/../lib/gcc/arm-none-eabi/5.4.1/../../../../arm-none-eabi/lib/armv7-m\libg_nano.a(lib_a-impure.o)
 .ARM.attributes
                0x00000509       0x2d c:/program files (x86)/cypress/psoc creator/4.2/psoc creator/import/gnu/arm/5.4.1/bin/../lib/gcc/arm-none-eabi/5.4.1/../../../../arm-none-eabi/lib/armv7-m\libg_nano.a(lib_a-init.o)
 .ARM.attributes
                0x00000536       0x2d c:/program files (x86)/cypress/psoc creator/4.2/psoc creator/import/gnu/arm/5.4.1/bin/../lib/gcc/arm-none-eabi/5.4.1/../../../../arm-none-eabi/lib/armv7-m\libg_nano.a(lib_a-memcpy-stub.o)
 .ARM.attributes
                0x00000563       0x2d c:/program files (x86)/cypress/psoc creator/4.2/psoc creator/import/gnu/arm/5.4.1/bin/../lib/gcc/arm-none-eabi/5.4.1/../../../../arm-none-eabi/lib/armv7-m\libg_nano.a(lib_a-memset.o)
 .ARM.attributes
                0x00000590       0x2d c:/program files (x86)/cypress/psoc creator/4.2/psoc creator/import/gnu/arm/5.4.1/bin/../lib/gcc/arm-none-eabi/5.4.1/../../../../arm-none-eabi/lib/armv7-m\libg_nano.a(lib_a-strcpy.o)
 .ARM.attributes
                0x000005bd       0x2d c:/program files (x86)/cypress/psoc creator/4.2/psoc creator/import/gnu/arm/5.4.1/bin/../lib/gcc/arm-none-eabi/5.4.1/armv7-m/crtend.o
 .ARM.attributes
                0x000005ea       0x1d c:/program files (x86)/cypress/psoc creator/4.2/psoc creator/import/gnu/arm/5.4.1/bin/../lib/gcc/arm-none-eabi/5.4.1/armv7-m/crtn.o

/DISCARD/
 *(.note.GNU-stack)
OUTPUT(C:\Users\santa\OneDrive\Documentos\PSoC Creator\Lab_3_Reloj_Chess\Design01.cydsn\CortexM3\ARM_GCC_541\Debug\Design01.elf elf32-littlearm)
